Microchip MPLAB XC8 Compiler V2.46

Linker command line:

-W-3 \
  --edf=C:\Program Files\Microchip\xc8\v2.46\pic\dat\20240104201356_en.msgs \
  -cn -h+dist/default/production\LCD_Pruebas.X.production.sym \
  --cmf=dist/default/production\LCD_Pruebas.X.production.cmf -z -Q18F57Q43 \
  -oC:\Users\GIRALDO\AppData\Local\Temp\xcAs40c.\driver_tmp_3.o \
  --defsym=__MPLAB_BUILD=1 --fixupoverflow=error \
  -Mdist/default/production/LCD_Pruebas.X.production.map \
  --md=C:\Users\GIRALDO\AppData\Local\Temp\xcAs40c.\driver_tmp_0.dat -E1 \
  -ver=XC8 Compiler --acfsm=1493 -ACODE=00h-01FFFFh -ACONST=00h-01FFFFh \
  -ASMALLCONST=02500h-025FFhx475 \
  -AMEDIUMCONST=02500h-0FFFFh,012500h-01FFFFh -ACOMRAM=0501h-055Fh \
  -AABS1=0500h-024FFh -ABIGRAM=0501h-024FFh \
  -ARAM=0560h-05FFh,0600h-06FFhx31 -ABANK5=0560h-05FFh -ABANK6=0600h-06FFh \
  -ABANK7=0700h-07FFh -ABANK8=0800h-08FFh -ABANK9=0900h-09FFh \
  -ABANK10=0A00h-0AFFh -ABANK11=0B00h-0BFFh -ABANK12=0C00h-0CFFh \
  -ABANK13=0D00h-0DFFh -ABANK14=0E00h-0EFFh -ABANK15=0F00h-0FFFh \
  -ABANK16=01000h-010FFh -ABANK17=01100h-011FFh -ABANK18=01200h-012FFh \
  -ABANK19=01300h-013FFh -ABANK20=01400h-014FFh -ABANK21=01500h-015FFh \
  -ABANK22=01600h-016FFh -ABANK23=01700h-017FFh -ABANK24=01800h-018FFh \
  -ABANK25=01900h-019FFh -ABANK26=01A00h-01AFFh -ABANK27=01B00h-01BFFh \
  -ABANK28=01C00h-01CFFh -ABANK29=01D00h-01DFFh -ABANK30=01E00h-01EFFh \
  -ABANK31=01F00h-01FFFh -ABANK32=02000h-020FFh -ABANK33=02100h-021FFh \
  -ABANK34=02200h-022FFh -ABANK35=02300h-023FFh -ABANK36=02400h-024FFh \
  -ASFR=00h-0FFhx4,0400h-045Fh,0460h-04FFh,02500h-025FFh \
  -ABIGSFR=00h-04FFh,02500h-025FFh -ACONFIG=0300000h-0300011h \
  -AIDLOC=0200000h-020003Fh -AEEDATA=0380000h-03803FFh -peeprom_data=EEDATA \
  -preset_vec=00h -ppowerup=CODE,init -pramtop=02500h \
  -psmallconst=SMALLCONST -pmediumconst=MEDIUMCONST -pconst=CONST \
  -AFARRAM=00h-00h \
  -prdata=COMRAM,nvrram=COMRAM,nvbit=COMRAM,rbss=COMRAM,rbit=COMRAM \
  -pfarbss=FARRAM,fardata=FARRAM,nvFARRAM=FARRAM \
  -pintsave_regs=BIGRAM,bigbss=BIGRAM,bigdata=BIGRAM -pbss=RAM \
  -pidata=CODE,irdata=CODE,ibigdata=CODE,ifardata=CODE -prparam=COMRAM \
  C:\Users\GIRALDO\AppData\Local\Temp\xcAs40c.\driver_tmp_9.o \
  dist/default/production\LCD_Pruebas.X.production.o 

Object code version is 3.11

Machine type is 18F57Q43



                Name                               Link     Load   Length Selector   Space Scale
C:\Users\GIRALDO\AppData\Local\Temp\xcAs40c.\driver_tmp_9.o
                config                           300000   300000        A        0       4
                init                              1FFFC    1FFFC        4     FFFE       0
                reset_vec                             0        0        4        0       0
dist/default/production\LCD_Pruebas.X.production.o
                config                           300000   300000        A        0       4
                smallconst                         2500     2500       18     1280       0
                text28                             3C18     3C18        8     128C       0
                text27                             29C0     29C0      12A     128C       0
                text26                             319E     319E      11E     128C       0
                text25                             2896     2896      12A     128C       0
                text24                             34E4     34E4      112     128C       0
                text23                             3080     3080      11E     128C       0
                text22                             2F62     2F62      11E     128C       0
                text21                             2E44     2E44      11E     128C       0
                text20                             276C     276C      12A     128C       0
                text19                             2D26     2D26      11E     128C       0
                text18                             2642     2642      12A     128C       0
                text17                             2C08     2C08      11E     128C       0
                text16                             2518     2518      12A     128C       0
                text15                             37EE     37EE       F4     128C       0
                text14                             2AEA     2AEA      11E     128C       0
                text13                             3990     3990       96     128C       0
                text12                             3BF8     3BF8        E     128C       0
                text11                             36F2     36F2       FC     128C       0
                text10                             3AAA     3AAA       60     128C       0
                text9                              35F6     35F6       FC     128C       0
                text8                              3B56     3B56       40     128C       0
                text7                              3BC8     3BC8       1E     128C       0
                text6                              3A26     3A26       84     128C       0
                text5                              3C10     3C10        8     128C       0
                text4                              3C06     3C06        A     128C       0
                text3                              38E2     38E2       AE     128C       0
                text2                              3B0A     3B0A       4C     128C       0
                text1                              33D2     33D2      112     128C       0
                text0                              32BC     32BC      116     128C       0
                cstackCOMRAM                        501      501       18      501       1
                dataCOMRAM                          519      519       12      501       1
                bssCOMRAM                           52B      52B        8      501       1
                cinit                              3B96     3B96       32     128C       0
                idataCOMRAM                        3BE6     3BE6       12     128C       0

TOTAL           Name                               Link     Load   Length     Space
        CLASS   CODE           
                init                              1FFFC    1FFFC        4         0
                reset_vec                             0        0        4         0
                text28                             3C18     3C18        8         0
                text27                             29C0     29C0      12A         0
                text26                             319E     319E      11E         0
                text25                             2896     2896      12A         0
                text24                             34E4     34E4      112         0
                text23                             3080     3080      11E         0
                text22                             2F62     2F62      11E         0
                text21                             2E44     2E44      11E         0
                text20                             276C     276C      12A         0
                text19                             2D26     2D26      11E         0
                text18                             2642     2642      12A         0
                text17                             2C08     2C08      11E         0
                text16                             2518     2518      12A         0
                text15                             37EE     37EE       F4         0
                text14                             2AEA     2AEA      11E         0
                text13                             3990     3990       96         0
                text12                             3BF8     3BF8        E         0
                text11                             36F2     36F2       FC         0
                text10                             3AAA     3AAA       60         0
                text9                              35F6     35F6       FC         0
                text8                              3B56     3B56       40         0
                text7                              3BC8     3BC8       1E         0
                text6                              3A26     3A26       84         0
                text5                              3C10     3C10        8         0
                text4                              3C06     3C06        A         0
                text3                              38E2     38E2       AE         0
                text2                              3B0A     3B0A       4C         0
                text1                              33D2     33D2      112         0
                text0                              32BC     32BC      116         0
                cinit                              3B96     3B96       32         0
                idataCOMRAM                        3BE6     3BE6       12         0

        CLASS   CONST          

        CLASS   SMALLCONST     
                smallconst                         2500     2500       18         0

        CLASS   MEDIUMCONST    

        CLASS   COMRAM         
                cstackCOMRAM                        501      501       18         1
                dataCOMRAM                          519      519       12         1
                bssCOMRAM                           52B      52B        8         1

        CLASS   ABS1           

        CLASS   BIGRAM         

        CLASS   RAM            

        CLASS   BANK5          

        CLASS   BANK6          

        CLASS   BANK7          

        CLASS   BANK8          

        CLASS   BANK9          

        CLASS   BANK10         

        CLASS   BANK11         

        CLASS   BANK12         

        CLASS   BANK13         

        CLASS   BANK14         

        CLASS   BANK15         

        CLASS   BANK16         

        CLASS   BANK17         

        CLASS   BANK18         

        CLASS   BANK19         

        CLASS   BANK20         

        CLASS   BANK21         

        CLASS   BANK22         

        CLASS   BANK23         

        CLASS   BANK24         

        CLASS   BANK25         

        CLASS   BANK26         

        CLASS   BANK27         

        CLASS   BANK28         

        CLASS   BANK29         

        CLASS   BANK30         

        CLASS   BANK31         

        CLASS   BANK32         

        CLASS   BANK33         

        CLASS   BANK34         

        CLASS   BANK35         

        CLASS   BANK36         

        CLASS   SFR            

        CLASS   BIGSFR         

        CLASS   CONFIG         
                config                           300000   300000        A         4

        CLASS   IDLOC          

        CLASS   EEDATA         

        CLASS   FARRAM         

        CLASS   HEAP           

        CLASS   STACK          



SEGMENTS        Name                           Load    Length   Top    Selector   Space  Class

                reset_vec                      000000  000004  000004         0       0  CODE    
                cstackCOMRAM                   000501  000032  000533       501       1  COMRAM  
                smallconst                     002500  000018  002518      1280       0  SMALLCON
                text16                         002518  001708  003C20      128C       0  CODE    
                init                           01FFFC  000004  020000      FFFE       0  CODE    


UNUSED ADDRESS RANGES

        Name                Unused          Largest block    Delta
        BANK10           000A00-000AFF              100
        BANK11           000B00-000BFF              100
        BANK12           000C00-000CFF              100
        BANK13           000D00-000DFF              100
        BANK14           000E00-000EFF              100
        BANK15           000F00-000FFF              100
        BANK16           001000-0010FF              100
        BANK17           001100-0011FF              100
        BANK18           001200-0012FF              100
        BANK19           001300-0013FF              100
        BANK20           001400-0014FF              100
        BANK21           001500-0015FF              100
        BANK22           001600-0016FF              100
        BANK23           001700-0017FF              100
        BANK24           001800-0018FF              100
        BANK25           001900-0019FF              100
        BANK26           001A00-001AFF              100
        BANK27           001B00-001BFF              100
        BANK28           001C00-001CFF              100
        BANK29           001D00-001DFF              100
        BANK30           001E00-001EFF              100
        BANK31           001F00-001FFF              100
        BANK32           002000-0020FF              100
        BANK33           002100-0021FF              100
        BANK34           002200-0022FF              100
        BANK35           002300-0023FF              100
        BANK36           002400-0024FF              100
        BANK5            000560-0005FF               A0
        BANK6            000600-0006FF              100
        BANK7            000700-0007FF              100
        BANK8            000800-0008FF              100
        BANK9            000900-0009FF              100
        BIGRAM           000533-0024FF             1FCD
        BIGSFR           000000-0004FF              500
                         002500-0025FF              100
        CODE             000004-0024FF             24FC
                         003C20-01FFFB            1C3DC
        COMRAM           000533-00055F               2D
        CONFIG           30000A-300011                8
        CONST            000004-0024FF             24FC
                         003C20-01FFFB            1C3DC
        EEDATA           380000-3803FF              400
        IDLOC            200000-20003F               40
        MEDIUMCONST      003C20-00FFFF             C3E0
                         012500-01FFFB             DAFC
        RAM              000560-0024FF              100
        SFR              000000-0004FF              100
                         002500-0025FF              100
        SMALLCONST       003C20-01FFFB              100

                                  Symbol Table

LCD_Add_Character@address       cstackCOMRAM 000508
LCD_Add_Character@i             cstackCOMRAM 000509
LCD_Add_Character@pattern       cstackCOMRAM 000506
LCD_Cursor_Set@column           cstackCOMRAM 000504
LCD_Cursor_Set@row              cstackCOMRAM 000505
LCD_Update_Screen@i             cstackCOMRAM 00050C
LCD_Update_Screen@i_289         cstackCOMRAM 00050D
LCD_Update_Screen@input         cstackCOMRAM 000506
LCD_Update_Screen@input_size    cstackCOMRAM 000508
LCD_Update_Screen@output        cstackCOMRAM 000509
LCD_Update_Screen@output_size   cstackCOMRAM 00050B
LCD_Write_Char@character        cstackCOMRAM 000504
LCD_Write_String@i              cstackCOMRAM 000506
LCD_Write_String@string         cstackCOMRAM 000504
LCD_write_command@command       cstackCOMRAM 000503
LCD_write_data@data             cstackCOMRAM 000503
_ANSELA                         (abs)        000400
_ANSELB                         (abs)        000408
_ANSELC                         (abs)        000410
_ANSELD                         (abs)        000418
_ANSELE                         (abs)        000420
_ANSELF                         (abs)        000428
_Clock_Init                     text28       003C18
_GPIO_Init                      text13       003990
_INLVLA                         (abs)        000404
_INLVLB                         (abs)        00040C
_INLVLC                         (abs)        000414
_INLVLD                         (abs)        00041C
_INLVLE                         (abs)        000424
_INLVLF                         (abs)        00042C
_LATA                           (abs)        0004BE
_LATB                           (abs)        0004BF
_LATC                           (abs)        0004C0
_LATCbits                       (abs)        0004C0
_LATD                           (abs)        0004C1
_LATE                           (abs)        0004C2
_LATF                           (abs)        0004C3
_LATFbits                       (abs)        0004C3
_LCD_Add_Character              text8        003B56
_LCD_Clear                      text7        003BC8
_LCD_Cursor_Increment           text5        003C10
_LCD_Cursor_Set                 text10       003AAA
_LCD_Init                       text6        003A26
_LCD_Update_Screen              text3        0038E2
_LCD_Write_Char                 text4        003C06
_LCD_Write_String               text2        003B0A
_LCD_display_control            dataCOMRAM   00051A
_LCD_entry_mode                 dataCOMRAM   000519
_LCD_pulse_clock                text12       003BF8
_LCD_write_command              text11       0036F2
_LCD_write_data                 text9        0035F6
_ODCONA                         (abs)        000402
_ODCONB                         (abs)        00040A
_ODCONC                         (abs)        000412
_ODCOND                         (abs)        00041A
_ODCONE                         (abs)        000422
_ODCONF                         (abs)        00042A
_OSCCON1                        (abs)        0000AD
_PORTA                          (abs)        0004CE
_PORTB                          (abs)        0004CF
_PORTBbits                      (abs)        0004CF
_PORTC                          (abs)        0004D0
_PORTD                          (abs)        0004D1
_PORTE                          (abs)        0004D2
_PORTF                          (abs)        0004D3
_SLRCONA                        (abs)        000403
_SLRCONB                        (abs)        00040B
_SLRCONC                        (abs)        000413
_SLRCOND                        (abs)        00041B
_SLRCONE                        (abs)        000423
_SLRCONF                        (abs)        00042B
_TRISA                          (abs)        0004C6
_TRISB                          (abs)        0004C7
_TRISC                          (abs)        0004C8
_TRISCbits                      (abs)        0004C8
_TRISD                          (abs)        0004C9
_TRISE                          (abs)        0004CA
_TRISF                          (abs)        0004CB
_TRISFbits                      (abs)        0004CB
_WPUA                           (abs)        000401
_WPUB                           (abs)        000409
_WPUC                           (abs)        000411
_WPUD                           (abs)        000419
_WPUE                           (abs)        000421
_WPUF                           (abs)        000429
__HRAM                          (abs)        000000
__H__absolute__                 __absolute__ 000000
__Habs1                         abs1         000000
__Hbank10                       bank10       000000
__Hbank11                       bank11       000000
__Hbank12                       bank12       000000
__Hbank13                       bank13       000000
__Hbank14                       bank14       000000
__Hbank15                       bank15       000000
__Hbank16                       bank16       000000
__Hbank17                       bank17       000000
__Hbank18                       bank18       000000
__Hbank19                       bank19       000000
__Hbank20                       bank20       000000
__Hbank21                       bank21       000000
__Hbank22                       bank22       000000
__Hbank23                       bank23       000000
__Hbank24                       bank24       000000
__Hbank25                       bank25       000000
__Hbank26                       bank26       000000
__Hbank27                       bank27       000000
__Hbank28                       bank28       000000
__Hbank29                       bank29       000000
__Hbank30                       bank30       000000
__Hbank31                       bank31       000000
__Hbank32                       bank32       000000
__Hbank33                       bank33       000000
__Hbank34                       bank34       000000
__Hbank35                       bank35       000000
__Hbank36                       bank36       000000
__Hbank5                        bank5        000000
__Hbank6                        bank6        000000
__Hbank7                        bank7        000000
__Hbank8                        bank8        000000
__Hbank9                        bank9        000000
__Hbigbss                       bigbss       000000
__Hbigdata                      bigdata      000000
__Hbigram                       bigram       000000
__Hbigsfr                       bigsfr       000000
__Hbss                          bss          000000
__HbssCOMRAM                    bssCOMRAM    000000
__Hcinit                        cinit        000000
__Hclrtext                      clrtext      000000
__Hcomram                       comram       000000
__Hconfig                       config       30000A
__Hconst                        const        000000
__HcstackCOMRAM                 cstackCOMRAM 000000
__Hdata                         data         000000
__HdataCOMRAM                   dataCOMRAM   000000
__Heeprom_data                  eeprom_data  000000
__Hfarbss                       farbss       000000
__Hfardata                      fardata      000000
__Hheap                         heap         000000
__Hibigdata                     ibigdata     000000
__Hidata                        idata        000000
__HidataCOMRAM                  idataCOMRAM  000000
__Hidloc                        idloc        000000
__Hifardata                     ifardata     000000
__Hinit                         init         020000
__Hintsave_regs                 intsave_regs 000000
__Hirdata                       irdata       000000
__Hmediumconst                  mediumconst  000000
__HnvFARRAM                     nvFARRAM     000000
__Hnvbit                        nvbit        000000
__Hnvrram                       nvrram       000000
__Hparam                        rparam       000000
__Hpowerup                      powerup      000000
__Hram                          ram          000000
__Hramtop                       ramtop       002500
__Hrbit                         rbit         000000
__Hrbss                         rbss         000000
__Hrdata                        rdata        000000
__Hreset_vec                    reset_vec    000004
__Hrparam                       rparam       000000
__Hsfr                          sfr          000000
__Hsmallconst                   smallconst   002518
__Hspace_0                      (abs)        020000
__Hspace_1                      (abs)        000533
__Hspace_2                      (abs)        000000
__Hspace_4                      (abs)        60000A
__Hstack                        stack        000000
__Hstruct                       struct       000000
__Htemp                         temp         000000
__Htext                         text         000000
__Htext0                        text0        000000
__Htext1                        text1        000000
__Htext10                       text10       000000
__Htext11                       text11       000000
__Htext12                       text12       000000
__Htext13                       text13       000000
__Htext14                       text14       000000
__Htext15                       text15       000000
__Htext16                       text16       000000
__Htext17                       text17       000000
__Htext18                       text18       000000
__Htext19                       text19       000000
__Htext2                        text2        000000
__Htext20                       text20       000000
__Htext21                       text21       000000
__Htext22                       text22       000000
__Htext23                       text23       000000
__Htext24                       text24       000000
__Htext25                       text25       000000
__Htext26                       text26       000000
__Htext27                       text27       000000
__Htext28                       text28       000000
__Htext3                        text3        000000
__Htext4                        text4        000000
__Htext5                        text5        000000
__Htext6                        text6        000000
__Htext7                        text7        000000
__Htext8                        text8        000000
__Htext9                        text9        000000
__LRAM                          (abs)        000001
__L__absolute__                 __absolute__ 000000
__Labs1                         abs1         000000
__Lbank10                       bank10       000000
__Lbank11                       bank11       000000
__Lbank12                       bank12       000000
__Lbank13                       bank13       000000
__Lbank14                       bank14       000000
__Lbank15                       bank15       000000
__Lbank16                       bank16       000000
__Lbank17                       bank17       000000
__Lbank18                       bank18       000000
__Lbank19                       bank19       000000
__Lbank20                       bank20       000000
__Lbank21                       bank21       000000
__Lbank22                       bank22       000000
__Lbank23                       bank23       000000
__Lbank24                       bank24       000000
__Lbank25                       bank25       000000
__Lbank26                       bank26       000000
__Lbank27                       bank27       000000
__Lbank28                       bank28       000000
__Lbank29                       bank29       000000
__Lbank30                       bank30       000000
__Lbank31                       bank31       000000
__Lbank32                       bank32       000000
__Lbank33                       bank33       000000
__Lbank34                       bank34       000000
__Lbank35                       bank35       000000
__Lbank36                       bank36       000000
__Lbank5                        bank5        000000
__Lbank6                        bank6        000000
__Lbank7                        bank7        000000
__Lbank8                        bank8        000000
__Lbank9                        bank9        000000
__Lbigbss                       bigbss       000000
__Lbigdata                      bigdata      000000
__Lbigram                       bigram       000000
__Lbigsfr                       bigsfr       000000
__Lbss                          bss          000000
__LbssCOMRAM                    bssCOMRAM    000000
__Lcinit                        cinit        000000
__Lclrtext                      clrtext      000000
__Lcomram                       comram       000000
__Lconfig                       config       000000
__Lconst                        const        000000
__LcstackCOMRAM                 cstackCOMRAM 000000
__Ldata                         data         000000
__LdataCOMRAM                   dataCOMRAM   000000
__Leeprom_data                  eeprom_data  000000
__Lfarbss                       farbss       000000
__Lfardata                      fardata      000000
__Lheap                         heap         000000
__Libigdata                     ibigdata     000000
__Lidata                        idata        000000
__LidataCOMRAM                  idataCOMRAM  000000
__Lidloc                        idloc        000000
__Lifardata                     ifardata     000000
__Linit                         init         01FFFC
__Lintsave_regs                 intsave_regs 000000
__Lirdata                       irdata       000000
__Lmediumconst                  mediumconst  000000
__LnvFARRAM                     nvFARRAM     000000
__Lnvbit                        nvbit        000000
__Lnvrram                       nvrram       000000
__Lparam                        rparam       000000
__Lpowerup                      powerup      000000
__Lram                          ram          000000
__Lramtop                       ramtop       002500
__Lrbit                         rbit         000000
__Lrbss                         rbss         000000
__Lrdata                        rdata        000000
__Lreset_vec                    reset_vec    000000
__Lrparam                       rparam       000000
__Lsfr                          sfr          000000
__Lsmallconst                   smallconst   002500
__Lspace_0                      (abs)        000000
__Lspace_1                      (abs)        000000
__Lspace_2                      (abs)        000000
__Lspace_4                      (abs)        000000
__Lstack                        stack        000000
__Lstruct                       struct       000000
__Ltemp                         temp         000000
__Ltext                         text         000000
__Ltext0                        text0        000000
__Ltext1                        text1        000000
__Ltext10                       text10       000000
__Ltext11                       text11       000000
__Ltext12                       text12       000000
__Ltext13                       text13       000000
__Ltext14                       text14       000000
__Ltext15                       text15       000000
__Ltext16                       text16       000000
__Ltext17                       text17       000000
__Ltext18                       text18       000000
__Ltext19                       text19       000000
__Ltext2                        text2        000000
__Ltext20                       text20       000000
__Ltext21                       text21       000000
__Ltext22                       text22       000000
__Ltext23                       text23       000000
__Ltext24                       text24       000000
__Ltext25                       text25       000000
__Ltext26                       text26       000000
__Ltext27                       text27       000000
__Ltext28                       text28       000000
__Ltext3                        text3        000000
__Ltext4                        text4        000000
__Ltext5                        text5        000000
__Ltext6                        text6        000000
__Ltext7                        text7        000000
__Ltext8                        text8        000000
__Ltext9                        text9        000000
__S0                            (abs)        020000
__S1                            (abs)        000533
__S4                            (abs)        000000
__S5                            (abs)        000000
___heap_hi                      (abs)        000000
___heap_lo                      (abs)        000000
___inthi_sp                     stack        000000
___inthi_stack_hi               stack        000000
___inthi_stack_lo               stack        000000
___intlo_sp                     stack        000000
___intlo_stack_hi               stack        000000
___intlo_stack_lo               stack        000000
___param_bank                   (abs)        000000
___rparam_used                  (abs)        000001
___sp                           stack        000000
___stack_hi                     stack        000000
___stack_lo                     stack        000000
__accesstop                     (abs)        000560
__activetblptr                  (abs)        000003
__end_of_Clock_Init             text28       003C20
__end_of_GPIO_Init              text13       003A26
__end_of_LCD_Add_Character      text8        003B96
__end_of_LCD_Clear              text7        003BE6
__end_of_LCD_Cursor_Increment   text5        003C18
__end_of_LCD_Cursor_Set         text10       003B0A
__end_of_LCD_Init               text6        003AAA
__end_of_LCD_Update_Screen      text3        003990
__end_of_LCD_Write_Char         text4        003C10
__end_of_LCD_Write_String       text2        003B56
__end_of_LCD_pulse_clock        text12       003C06
__end_of_LCD_write_command      text11       0037EE
__end_of_LCD_write_data         text9        0036F2
__end_of__initialization        cinit        003BC2
__end_of_configure_pin          text15       0038E2
__end_of_main                   text0        0033D2
__end_of_reset_pin_pullup       text27       002AEA
__end_of_set_pin_analog_mode    text26       0032BC
__end_of_set_pin_digital_mode   text25       0029C0
__end_of_set_pin_high           text1        0034E4
__end_of_set_pin_input          text24       0035F6
__end_of_set_pin_low            text14       002C08
__end_of_set_pin_open_drain     text23       00319E
__end_of_set_pin_output         text22       003080
__end_of_set_pin_pullup         text21       002F62
__end_of_set_pin_push_pull      text20       002896
__end_of_set_pin_sr_limited     text19       002E44
__end_of_set_pin_sr_maximum     text18       00276C
__end_of_set_pin_st             text17       002D26
__end_of_set_pin_ttl            text16       002642
__initialization                cinit        003B96
__mediumconst                   mediumconst  000000
__pbssCOMRAM                    bssCOMRAM    00052B
__pcinit                        cinit        003B96
__pcstackCOMRAM                 cstackCOMRAM 000501
__pdataCOMRAM                   dataCOMRAM   000519
__pidataCOMRAM                  idataCOMRAM  003BE6
__psmallconst                   smallconst   002500
__ptext0                        text0        0032BC
__ptext1                        text1        0033D2
__ptext10                       text10       003AAA
__ptext11                       text11       0036F2
__ptext12                       text12       003BF8
__ptext13                       text13       003990
__ptext14                       text14       002AEA
__ptext15                       text15       0037EE
__ptext16                       text16       002518
__ptext17                       text17       002C08
__ptext18                       text18       002642
__ptext19                       text19       002D26
__ptext2                        text2        003B0A
__ptext20                       text20       00276C
__ptext21                       text21       002E44
__ptext22                       text22       002F62
__ptext23                       text23       003080
__ptext24                       text24       0034E4
__ptext25                       text25       002896
__ptext26                       text26       00319E
__ptext27                       text27       0029C0
__ptext28                       text28       003C18
__ptext3                        text3        0038E2
__ptext4                        text4        003C06
__ptext5                        text5        003C10
__ptext6                        text6        003A26
__ptext7                        text7        003BC8
__ptext8                        text8        003B56
__ptext9                        text9        0035F6
__ramtop                        ramtop       002500
__smallconst                    smallconst   002500
_configure_pin                  text15       0037EE
_high_state                     dataCOMRAM   00051B
_low_state                      dataCOMRAM   000523
_main                           text0        0032BC
_reset_pin_pullup               text27       0029C0
_set_pin_analog_mode            text26       00319E
_set_pin_digital_mode           text25       002896
_set_pin_high                   text1        0033D2
_set_pin_input                  text24       0034E4
_set_pin_low                    text14       002AEA
_set_pin_open_drain             text23       003080
_set_pin_output                 text22       002F62
_set_pin_pullup                 text21       002E44
_set_pin_push_pull              text20       00276C
_set_pin_sr_limited             text19       002D26
_set_pin_sr_maximum             text18       002642
_set_pin_st                     text17       002C08
_set_pin_ttl                    text16       002518
configure_pin@enable_pullup     cstackCOMRAM 000508
configure_pin@is_digital        cstackCOMRAM 000507
configure_pin@is_input          cstackCOMRAM 000506
configure_pin@pin_number        cstackCOMRAM 000505
configure_pin@port_name         cstackCOMRAM 00050C
configure_pin@slew_rate_limited cstackCOMRAM 00050A
configure_pin@use_push_pull     cstackCOMRAM 00050B
configure_pin@use_ttl           cstackCOMRAM 000509
end_of_initialization           cinit        003BC2
intlevel0                       text         000000
intlevel1                       text         000000
intlevel2                       text         000000
intlevel3                       text         000000
isa$std                         (abs)        000001
isa$xinst                       (abs)        000000
main@current_state_btn_1        cstackCOMRAM 000518
main@input                      cstackCOMRAM 000513
main@output                     cstackCOMRAM 000516
main@previous_state_btn_1       cstackCOMRAM 000515
reset_pin_pullup@pin_number     cstackCOMRAM 000501
reset_pin_pullup@port_name      cstackCOMRAM 000504
set_pin_analog_mode@pin_number  cstackCOMRAM 000501
set_pin_analog_mode@port_name   cstackCOMRAM 000504
set_pin_digital_mode@pin_number cstackCOMRAM 000501
set_pin_digital_mode@port_name  cstackCOMRAM 000504
set_pin_high@pin_number         cstackCOMRAM 000501
set_pin_high@port_name          cstackCOMRAM 000504
set_pin_input@pin_number        cstackCOMRAM 000501
set_pin_input@port_name         cstackCOMRAM 000504
set_pin_low@pin_number          cstackCOMRAM 000501
set_pin_low@port_name           cstackCOMRAM 000504
set_pin_open_drain@pin_number   cstackCOMRAM 000501
set_pin_open_drain@port_name    cstackCOMRAM 000504
set_pin_output@pin_number       cstackCOMRAM 000501
set_pin_output@port_name        cstackCOMRAM 000504
set_pin_pullup@pin_number       cstackCOMRAM 000501
set_pin_pullup@port_name        cstackCOMRAM 000504
set_pin_push_pull@pin_number    cstackCOMRAM 000501
set_pin_push_pull@port_name     cstackCOMRAM 000504
set_pin_sr_limited@pin_number   cstackCOMRAM 000501
set_pin_sr_limited@port_name    cstackCOMRAM 000504
set_pin_sr_maximum@pin_number   cstackCOMRAM 000501
set_pin_sr_maximum@port_name    cstackCOMRAM 000504
set_pin_st@pin_number           cstackCOMRAM 000501
set_pin_st@port_name            cstackCOMRAM 000504
set_pin_ttl@pin_number          cstackCOMRAM 000501
set_pin_ttl@port_name           cstackCOMRAM 000504
stackhi                         (abs)        000000
stacklo                         (abs)        000000
start                           init         01FFFC
start_initialization            cinit        003B96


MODULE INFORMATION

Module		Function		Class		Link	Load	Size
config.c
		_Clock_Init    		CODE           	3C18	0000	8

config.c estimated size: 8

shared
		__initialization		CODE           	3B96	0000	44

shared estimated size: 44

lcd.c
		_LCD_Init      		CODE           	3A26	0000	132
		_LCD_Write_Char		CODE           	3C06	0000	10
		_LCD_Add_Character		CODE           	3B56	0000	64
		_LCD_write_command		CODE           	36F2	0000	252
		_LCD_Clear     		CODE           	3BC8	0000	30
		_LCD_write_data		CODE           	35F6	0000	252
		_LCD_Cursor_Increment		CODE           	3C10	0000	8
		_LCD_pulse_clock		CODE           	3BF8	0000	14
		_LCD_Cursor_Set		CODE           	3AAA	0000	96
		_LCD_Write_String		CODE           	3B0A	0000	76

lcd.c estimated size: 934

gpio.c
		_set_pin_push_pull		CODE           	276C	0000	298
		_set_pin_sr_limited		CODE           	2D26	0000	286
		_configure_pin 		CODE           	37EE	0000	244
		_set_pin_open_drain		CODE           	3080	0000	286
		_set_pin_digital_mode		CODE           	2896	0000	298
		_set_pin_sr_maximum		CODE           	2642	0000	298
		_set_pin_analog_mode		CODE           	319E	0000	286
		_set_pin_st    		CODE           	2C08	0000	286
		_set_pin_ttl   		CODE           	2518	0000	298
		_set_pin_low   		CODE           	2AEA	0000	286
		_set_pin_high  		CODE           	33D2	0000	274
		_set_pin_input 		CODE           	34E4	0000	274
		_reset_pin_pullup		CODE           	29C0	0000	298
		_set_pin_pullup		CODE           	2E44	0000	286
		_set_pin_output		CODE           	2F62	0000	286

gpio.c estimated size: 4284

main.c
		_main          		CODE           	32BC	0000	278
		_GPIO_Init     		CODE           	3990	0000	150
		_LCD_Update_Screen		CODE           	38E2	0000	174

main.c estimated size: 602

