Microchip MPLAB XC8 Compiler V2.46

Linker command line:

-W-3 \
  --edf=C:\Program Files\Microchip\xc8\v2.46\pic\dat\20240104201356_en.msgs \
  -pivt0x3008=03008h -cn \
  -h+dist/default/production\LCD_Pruebas.X.production.sym \
  --cmf=dist/default/production\LCD_Pruebas.X.production.cmf -z -Q18F57Q43 \
  -oC:\Users\GIRALDO\AppData\Local\Temp\xcAskd8.\driver_tmp_3.o \
  --defsym=__MPLAB_BUILD=1 --fixupoverflow=error \
  -Mdist/default/production/LCD_Pruebas.X.production.map \
  --md=C:\Users\GIRALDO\AppData\Local\Temp\xcAskd8.\driver_tmp_0.dat -E1 \
  -ver=XC8 Compiler --acfsm=1493 -ACODE=00h-01FFFFh -ACONST=00h-01FFFFh \
  -ASMALLCONST=02500h-025FFhx475 \
  -AMEDIUMCONST=02500h-0FFFFh,012500h-01FFFFh -ACOMRAM=0501h-055Fh \
  -AABS1=0500h-024FFh -ABIGRAM=0501h-024FFh \
  -ARAM=0560h-05FFh,0600h-06FFhx31 -ABANK5=0560h-05FFh -ABANK6=0600h-06FFh \
  -ABANK7=0700h-07FFh -ABANK8=0800h-08FFh -ABANK9=0900h-09FFh \
  -ABANK10=0A00h-0AFFh -ABANK11=0B00h-0BFFh -ABANK12=0C00h-0CFFh \
  -ABANK13=0D00h-0DFFh -ABANK14=0E00h-0EFFh -ABANK15=0F00h-0FFFh \
  -ABANK16=01000h-010FFh -ABANK17=01100h-011FFh -ABANK18=01200h-012FFh \
  -ABANK19=01300h-013FFh -ABANK20=01400h-014FFh -ABANK21=01500h-015FFh \
  -ABANK22=01600h-016FFh -ABANK23=01700h-017FFh -ABANK24=01800h-018FFh \
  -ABANK25=01900h-019FFh -ABANK26=01A00h-01AFFh -ABANK27=01B00h-01BFFh \
  -ABANK28=01C00h-01CFFh -ABANK29=01D00h-01DFFh -ABANK30=01E00h-01EFFh \
  -ABANK31=01F00h-01FFFh -ABANK32=02000h-020FFh -ABANK33=02100h-021FFh \
  -ABANK34=02200h-022FFh -ABANK35=02300h-023FFh -ABANK36=02400h-024FFh \
  -ASFR=00h-0FFhx4,0400h-045Fh,0460h-04FFh,02500h-025FFh \
  -ABIGSFR=00h-04FFh,02500h-025FFh -ACONFIG=0300000h-0300011h \
  -AIDLOC=0200000h-020003Fh -AEEDATA=0380000h-03803FFh -peeprom_data=EEDATA \
  -preset_vec=00h -ppowerup=CODE,init -pramtop=02500h \
  -psmallconst=SMALLCONST -pmediumconst=MEDIUMCONST -pconst=CONST \
  -AFARRAM=00h-00h \
  -prdata=COMRAM,nvrram=COMRAM,nvbit=COMRAM,rbss=COMRAM,rbit=COMRAM \
  -pfarbss=FARRAM,fardata=FARRAM,nvFARRAM=FARRAM \
  -pintsave_regs=BIGRAM,bigbss=BIGRAM,bigdata=BIGRAM -pbss=RAM \
  -pidata=CODE,irdata=CODE,ibigdata=CODE,ifardata=CODE -prparam=COMRAM \
  C:\Users\GIRALDO\AppData\Local\Temp\xcAskd8.\driver_tmp_9.o \
  dist/default/production\LCD_Pruebas.X.production.o 

Object code version is 3.11

Machine type is 18F57Q43



                Name                               Link     Load   Length Selector   Space Scale
C:\Users\GIRALDO\AppData\Local\Temp\xcAskd8.\driver_tmp_9.o
                config                           300000   300000        A        0       4
                init                               3102     3102        4     1804       0
                reset_vec                             0        0        4        0       0
dist/default/production\LCD_Pruebas.X.production.o
                config                           300000   300000        A        0       4
                smallconst                         2500     2500       18     1280       0
                ivt0x3008                          3008     3008       FA     1804       0
                text33                             3108     3108      1AA      C42       0
                text32                             4A62     4A62        8      C42       0
                text31                             375A     375A      12A      C42       0
                text30                             3F38     3F38      11E      C42       0
                text29                             3630     3630      12A      C42       0
                text28                             4168     4168      112      C42       0
                text27                             3E1A     3E1A      11E      C42       0
                text26                             3CFC     3CFC      11E      C42       0
                text25                             3BDE     3BDE      11E      C42       0
                text24                             3506     3506      12A      C42       0
                text23                             3AC0     3AC0      11E      C42       0
                text22                             33DC     33DC      12A      C42       0
                text21                             39A2     39A2      11E      C42       0
                text20                             32B2     32B2      12A      C42       0
                text19                             4472     4472       F4      C42       0
                text18                             3884     3884      11E      C42       0
                text17                             46D2     46D2       96      C42       0
                text16                             48FE     48FE       46      C42       0
                text15                             4A42     4A42        E      C42       0
                text14                             4376     4376       FC      C42       0
                text13                             4A02     4A02       1E      C42       0
                text12                             4768     4768       84      C42       0
                text11                             4852     4852       60      C42       0
                text10                             427A     427A       FC      C42       0
                text9                              4984     4984       40      C42       0
                text8                              4A5A     4A5A        8      C42       0
                text7                              4A50     4A50        A      C42       0
                text6                              48B2     48B2       4C      C42       0
                text5                              47EC     47EC       66      C42       0
                text4                              4624     4624       AE      C42       0
                text3                              49C4     49C4       3E      C42       0
                text2                              4A32     4A32       10      C42       0
                text1                              4056     4056      112      C42       0
                text0                              4566     4566       BE      C42       0
                cstackCOMRAM                        501      501       1C      501       1
                dataCOMRAM                          51D      51D       12      501       1
                bssCOMRAM                           52F      52F        E      501       1
                cinit                              4944     4944       40      C42       0
                idataCOMRAM                        4A20     4A20       12      C42       0

TOTAL           Name                               Link     Load   Length     Space
        CLASS   CODE           
                init                               3102     3102        4         0
                reset_vec                             0        0        4         0
                ivt0x3008                          3008     3008       FA         0
                text33                             3108     3108      1AA         0
                text32                             4A62     4A62        8         0
                text31                             375A     375A      12A         0
                text30                             3F38     3F38      11E         0
                text29                             3630     3630      12A         0
                text28                             4168     4168      112         0
                text27                             3E1A     3E1A      11E         0
                text26                             3CFC     3CFC      11E         0
                text25                             3BDE     3BDE      11E         0
                text24                             3506     3506      12A         0
                text23                             3AC0     3AC0      11E         0
                text22                             33DC     33DC      12A         0
                text21                             39A2     39A2      11E         0
                text20                             32B2     32B2      12A         0
                text19                             4472     4472       F4         0
                text18                             3884     3884      11E         0
                text17                             46D2     46D2       96         0
                text16                             48FE     48FE       46         0
                text15                             4A42     4A42        E         0
                text14                             4376     4376       FC         0
                text13                             4A02     4A02       1E         0
                text12                             4768     4768       84         0
                text11                             4852     4852       60         0
                text10                             427A     427A       FC         0
                text9                              4984     4984       40         0
                text8                              4A5A     4A5A        8         0
                text7                              4A50     4A50        A         0
                text6                              48B2     48B2       4C         0
                text5                              47EC     47EC       66         0
                text4                              4624     4624       AE         0
                text3                              49C4     49C4       3E         0
                text2                              4A32     4A32       10         0
                text1                              4056     4056      112         0
                text0                              4566     4566       BE         0
                cinit                              4944     4944       40         0
                idataCOMRAM                        4A20     4A20       12         0

        CLASS   CONST          

        CLASS   SMALLCONST     
                smallconst                         2500     2500       18         0

        CLASS   MEDIUMCONST    

        CLASS   COMRAM         
                cstackCOMRAM                        501      501       1C         1
                dataCOMRAM                          51D      51D       12         1
                bssCOMRAM                           52F      52F        E         1

        CLASS   ABS1           

        CLASS   BIGRAM         

        CLASS   RAM            

        CLASS   BANK5          

        CLASS   BANK6          

        CLASS   BANK7          

        CLASS   BANK8          

        CLASS   BANK9          

        CLASS   BANK10         

        CLASS   BANK11         

        CLASS   BANK12         

        CLASS   BANK13         

        CLASS   BANK14         

        CLASS   BANK15         

        CLASS   BANK16         

        CLASS   BANK17         

        CLASS   BANK18         

        CLASS   BANK19         

        CLASS   BANK20         

        CLASS   BANK21         

        CLASS   BANK22         

        CLASS   BANK23         

        CLASS   BANK24         

        CLASS   BANK25         

        CLASS   BANK26         

        CLASS   BANK27         

        CLASS   BANK28         

        CLASS   BANK29         

        CLASS   BANK30         

        CLASS   BANK31         

        CLASS   BANK32         

        CLASS   BANK33         

        CLASS   BANK34         

        CLASS   BANK35         

        CLASS   BANK36         

        CLASS   SFR            

        CLASS   BIGSFR         

        CLASS   CONFIG         
                config                           300000   300000        A         4

        CLASS   IDLOC          

        CLASS   EEDATA         

        CLASS   FARRAM         

        CLASS   HEAP           

        CLASS   STACK          



SEGMENTS        Name                           Load    Length   Top    Selector   Space  Class

                reset_vec                      000000  000004  000004         0       0  CODE    
                cstackCOMRAM                   000501  00003C  00053D       501       1  COMRAM  
                smallconst                     002500  000018  002518      1280       0  SMALLCON
                ivt0x3008                      003008  0000FE  003106      1804       0  CODE    
                text33                         003108  001962  004A6A       C42       0  CODE    


UNUSED ADDRESS RANGES

        Name                Unused          Largest block    Delta
        BANK10           000A00-000AFF              100
        BANK11           000B00-000BFF              100
        BANK12           000C00-000CFF              100
        BANK13           000D00-000DFF              100
        BANK14           000E00-000EFF              100
        BANK15           000F00-000FFF              100
        BANK16           001000-0010FF              100
        BANK17           001100-0011FF              100
        BANK18           001200-0012FF              100
        BANK19           001300-0013FF              100
        BANK20           001400-0014FF              100
        BANK21           001500-0015FF              100
        BANK22           001600-0016FF              100
        BANK23           001700-0017FF              100
        BANK24           001800-0018FF              100
        BANK25           001900-0019FF              100
        BANK26           001A00-001AFF              100
        BANK27           001B00-001BFF              100
        BANK28           001C00-001CFF              100
        BANK29           001D00-001DFF              100
        BANK30           001E00-001EFF              100
        BANK31           001F00-001FFF              100
        BANK32           002000-0020FF              100
        BANK33           002100-0021FF              100
        BANK34           002200-0022FF              100
        BANK35           002300-0023FF              100
        BANK36           002400-0024FF              100
        BANK5            000560-0005FF               A0
        BANK6            000600-0006FF              100
        BANK7            000700-0007FF              100
        BANK8            000800-0008FF              100
        BANK9            000900-0009FF              100
        BIGRAM           00053D-0024FF             1FC3
        BIGSFR           000000-0004FF              500
                         002500-0025FF              100
        CODE             000004-0024FF             24FC
                         002518-003007              AF0
                         003106-003107                2
                         004A6A-01FFFF            1B596
        COMRAM           00053D-00055F               23
        CONFIG           30000A-300011                8
        CONST            000004-0024FF             24FC
                         002518-003007              AF0
                         003106-003107                2
                         004A6A-01FFFF            1B596
        EEDATA           380000-3803FF              400
        IDLOC            200000-20003F               40
        MEDIUMCONST      002518-003007              AF0
                         003106-003107                2
                         004A6A-00FFFF             B596
                         012500-01FFFF             DB00
        RAM              000560-0024FF              100
        SFR              000000-0004FF              100
                         002500-0025FF              100
        SMALLCONST       002518-003007              100
                         003106-003107                2
                         004A6A-01FFFF              100

                                  Symbol Table

INT_ISR@i                       cstackCOMRAM 000503
IVTBASEH                        (abs)        00045E
IVTBASEL                        (abs)        00045D
IVTBASEU                        (abs)        00045F
LCD_Add_Character@address       cstackCOMRAM 00050C
LCD_Add_Character@i             cstackCOMRAM 00050D
LCD_Add_Character@pattern       cstackCOMRAM 00050A
LCD_Cursor_Set@column           cstackCOMRAM 000508
LCD_Cursor_Set@row              cstackCOMRAM 000509
LCD_Update_Screen@i             cstackCOMRAM 000510
LCD_Update_Screen@i_351         cstackCOMRAM 000511
LCD_Update_Screen@input         cstackCOMRAM 00050A
LCD_Update_Screen@input_size    cstackCOMRAM 00050C
LCD_Update_Screen@output        cstackCOMRAM 00050D
LCD_Update_Screen@output_size   cstackCOMRAM 00050F
LCD_Write_Char@character        cstackCOMRAM 000508
LCD_Write_String@i              cstackCOMRAM 00050A
LCD_Write_String@string         cstackCOMRAM 000508
LCD_write_command@command       cstackCOMRAM 000507
LCD_write_data@data             cstackCOMRAM 000507
TIMER0_Init@timer_async         cstackCOMRAM 000506
TIMER0_Init@timer_clock_source  cstackCOMRAM 000509
TIMER0_Init@timer_mode          cstackCOMRAM 000505
TIMER0_Init@timer_prescaler     cstackCOMRAM 000507
TIMER0_Write@TMR0H_value        cstackCOMRAM 000506
TIMER0_Write@TMR0L_value        cstackCOMRAM 000505
_ANSELA                         (abs)        000400
_ANSELB                         (abs)        000408
_ANSELC                         (abs)        000410
_ANSELD                         (abs)        000418
_ANSELE                         (abs)        000420
_ANSELF                         (abs)        000428
_Clock_Init                     text32       004A62
_GPIO_Init                      text17       0046D2
_INLVLA                         (abs)        000404
_INLVLB                         (abs)        00040C
_INLVLC                         (abs)        000414
_INLVLD                         (abs)        00041C
_INLVLE                         (abs)        000424
_INLVLF                         (abs)        00042C
_INT1PPSbits                    (abs)        00023F
_INTCON0bits                    (abs)        0004D6
_INTERRUPT_Init                 text16       0048FE
_INT_ISR                        text33       003108
_IPR1bits                       (abs)        000363
_IPR3bits                       (abs)        000365
_IPR6bits                       (abs)        000368
_IVTBASEH                       (abs)        00045E
_IVTBASEL                       (abs)        00045D
_IVTBASEU                       (abs)        00045F
_LATA                           (abs)        0004BE
_LATB                           (abs)        0004BF
_LATC                           (abs)        0004C0
_LATCbits                       (abs)        0004C0
_LATD                           (abs)        0004C1
_LATE                           (abs)        0004C2
_LATF                           (abs)        0004C3
_LATFbits                       (abs)        0004C3
_LCD_Add_Character              text9        004984
_LCD_Clear                      text13       004A02
_LCD_Cursor_Increment           text8        004A5A
_LCD_Cursor_Set                 text11       004852
_LCD_Init                       text12       004768
_LCD_Initial_Screen             text5        0047EC
_LCD_Update_Screen              text4        004624
_LCD_Write_Char                 text7        004A50
_LCD_Write_String               text6        0048B2
_LCD_display_control            dataCOMRAM   00051E
_LCD_entry_mode                 dataCOMRAM   00051D
_LCD_pulse_clock                text15       004A42
_LCD_write_command              text14       004376
_LCD_write_data                 text10       00427A
_ODCONA                         (abs)        000402
_ODCONB                         (abs)        00040A
_ODCONC                         (abs)        000412
_ODCOND                         (abs)        00041A
_ODCONE                         (abs)        000422
_ODCONF                         (abs)        00042A
_OSCCON1                        (abs)        0000AD
_PIE1bits                       (abs)        00049F
_PIE3bits                       (abs)        0004A1
_PIE6bits                       (abs)        0004A4
_PIR1bits                       (abs)        0004AF
_PIR3bits                       (abs)        0004B1
_PIR6bits                       (abs)        0004B4
_PORTA                          (abs)        0004CE
_PORTB                          (abs)        0004CF
_PORTBbits                      (abs)        0004CF
_PORTC                          (abs)        0004D0
_PORTD                          (abs)        0004D1
_PORTE                          (abs)        0004D2
_PORTF                          (abs)        0004D3
_SLRCONA                        (abs)        000403
_SLRCONB                        (abs)        00040B
_SLRCONC                        (abs)        000413
_SLRCOND                        (abs)        00041B
_SLRCONE                        (abs)        000423
_SLRCONF                        (abs)        00042B
_T0CON0bits                     (abs)        00031A
_T0CON1bits                     (abs)        00031B
_TIMER0_Init                    text3        0049C4
_TIMER0_Write                   text2        004A32
_TMR0H                          (abs)        000319
_TMR0L                          (abs)        000318
_TRISA                          (abs)        0004C6
_TRISB                          (abs)        0004C7
_TRISC                          (abs)        0004C8
_TRISCbits                      (abs)        0004C8
_TRISD                          (abs)        0004C9
_TRISE                          (abs)        0004CA
_TRISF                          (abs)        0004CB
_TRISFbits                      (abs)        0004CB
_WPUA                           (abs)        000401
_WPUB                           (abs)        000409
_WPUC                           (abs)        000411
_WPUD                           (abs)        000419
_WPUE                           (abs)        000421
_WPUF                           (abs)        000429
__HRAM                          (abs)        000000
__H__absolute__                 __absolute__ 000000
__Habs1                         abs1         000000
__Hbank10                       bank10       000000
__Hbank11                       bank11       000000
__Hbank12                       bank12       000000
__Hbank13                       bank13       000000
__Hbank14                       bank14       000000
__Hbank15                       bank15       000000
__Hbank16                       bank16       000000
__Hbank17                       bank17       000000
__Hbank18                       bank18       000000
__Hbank19                       bank19       000000
__Hbank20                       bank20       000000
__Hbank21                       bank21       000000
__Hbank22                       bank22       000000
__Hbank23                       bank23       000000
__Hbank24                       bank24       000000
__Hbank25                       bank25       000000
__Hbank26                       bank26       000000
__Hbank27                       bank27       000000
__Hbank28                       bank28       000000
__Hbank29                       bank29       000000
__Hbank30                       bank30       000000
__Hbank31                       bank31       000000
__Hbank32                       bank32       000000
__Hbank33                       bank33       000000
__Hbank34                       bank34       000000
__Hbank35                       bank35       000000
__Hbank36                       bank36       000000
__Hbank5                        bank5        000000
__Hbank6                        bank6        000000
__Hbank7                        bank7        000000
__Hbank8                        bank8        000000
__Hbank9                        bank9        000000
__Hbigbss                       bigbss       000000
__Hbigdata                      bigdata      000000
__Hbigram                       bigram       000000
__Hbigsfr                       bigsfr       000000
__Hbss                          bss          000000
__HbssCOMRAM                    bssCOMRAM    000000
__Hcinit                        cinit        000000
__Hclrtext                      clrtext      000000
__Hcomram                       comram       000000
__Hconfig                       config       30000A
__Hconst                        const        000000
__HcstackCOMRAM                 cstackCOMRAM 000000
__Hdata                         data         000000
__HdataCOMRAM                   dataCOMRAM   000000
__Heeprom_data                  eeprom_data  000000
__Hfarbss                       farbss       000000
__Hfardata                      fardata      000000
__Hheap                         heap         000000
__Hibigdata                     ibigdata     000000
__Hidata                        idata        000000
__HidataCOMRAM                  idataCOMRAM  000000
__Hidloc                        idloc        000000
__Hifardata                     ifardata     000000
__Hinit                         init         003106
__Hintsave_regs                 intsave_regs 000000
__Hirdata                       irdata       000000
__Hivt0x3008                    ivt0x3008    003102
__Hmediumconst                  mediumconst  000000
__HnvFARRAM                     nvFARRAM     000000
__Hnvbit                        nvbit        000000
__Hnvrram                       nvrram       000000
__Hparam                        rparam       000000
__Hpowerup                      powerup      000000
__Hram                          ram          000000
__Hramtop                       ramtop       002500
__Hrbit                         rbit         000000
__Hrbss                         rbss         000000
__Hrdata                        rdata        000000
__Hreset_vec                    reset_vec    000004
__Hrparam                       rparam       000000
__Hsfr                          sfr          000000
__Hsmallconst                   smallconst   002518
__Hspace_0                      (abs)        004A6A
__Hspace_1                      (abs)        00053D
__Hspace_2                      (abs)        000000
__Hspace_4                      (abs)        60000A
__Hstack                        stack        000000
__Hstruct                       struct       000000
__Htemp                         temp         000000
__Htext                         text         000000
__Htext0                        text0        000000
__Htext1                        text1        000000
__Htext10                       text10       000000
__Htext11                       text11       000000
__Htext12                       text12       000000
__Htext13                       text13       000000
__Htext14                       text14       000000
__Htext15                       text15       000000
__Htext16                       text16       000000
__Htext17                       text17       000000
__Htext18                       text18       000000
__Htext19                       text19       000000
__Htext2                        text2        000000
__Htext20                       text20       000000
__Htext21                       text21       000000
__Htext22                       text22       000000
__Htext23                       text23       000000
__Htext24                       text24       000000
__Htext25                       text25       000000
__Htext26                       text26       000000
__Htext27                       text27       000000
__Htext28                       text28       000000
__Htext29                       text29       000000
__Htext3                        text3        000000
__Htext30                       text30       000000
__Htext31                       text31       000000
__Htext32                       text32       000000
__Htext33                       text33       000000
__Htext4                        text4        000000
__Htext5                        text5        000000
__Htext6                        text6        000000
__Htext7                        text7        000000
__Htext8                        text8        000000
__Htext9                        text9        000000
__LRAM                          (abs)        000001
__L__absolute__                 __absolute__ 000000
__Labs1                         abs1         000000
__Lbank10                       bank10       000000
__Lbank11                       bank11       000000
__Lbank12                       bank12       000000
__Lbank13                       bank13       000000
__Lbank14                       bank14       000000
__Lbank15                       bank15       000000
__Lbank16                       bank16       000000
__Lbank17                       bank17       000000
__Lbank18                       bank18       000000
__Lbank19                       bank19       000000
__Lbank20                       bank20       000000
__Lbank21                       bank21       000000
__Lbank22                       bank22       000000
__Lbank23                       bank23       000000
__Lbank24                       bank24       000000
__Lbank25                       bank25       000000
__Lbank26                       bank26       000000
__Lbank27                       bank27       000000
__Lbank28                       bank28       000000
__Lbank29                       bank29       000000
__Lbank30                       bank30       000000
__Lbank31                       bank31       000000
__Lbank32                       bank32       000000
__Lbank33                       bank33       000000
__Lbank34                       bank34       000000
__Lbank35                       bank35       000000
__Lbank36                       bank36       000000
__Lbank5                        bank5        000000
__Lbank6                        bank6        000000
__Lbank7                        bank7        000000
__Lbank8                        bank8        000000
__Lbank9                        bank9        000000
__Lbigbss                       bigbss       000000
__Lbigdata                      bigdata      000000
__Lbigram                       bigram       000000
__Lbigsfr                       bigsfr       000000
__Lbss                          bss          000000
__LbssCOMRAM                    bssCOMRAM    000000
__Lcinit                        cinit        000000
__Lclrtext                      clrtext      000000
__Lcomram                       comram       000000
__Lconfig                       config       000000
__Lconst                        const        000000
__LcstackCOMRAM                 cstackCOMRAM 000000
__Ldata                         data         000000
__LdataCOMRAM                   dataCOMRAM   000000
__Leeprom_data                  eeprom_data  000000
__Lfarbss                       farbss       000000
__Lfardata                      fardata      000000
__Lheap                         heap         000000
__Libigdata                     ibigdata     000000
__Lidata                        idata        000000
__LidataCOMRAM                  idataCOMRAM  000000
__Lidloc                        idloc        000000
__Lifardata                     ifardata     000000
__Linit                         init         003102
__Lintsave_regs                 intsave_regs 000000
__Lirdata                       irdata       000000
__Livt0x3008                    ivt0x3008    003008
__Lmediumconst                  mediumconst  000000
__LnvFARRAM                     nvFARRAM     000000
__Lnvbit                        nvbit        000000
__Lnvrram                       nvrram       000000
__Lparam                        rparam       000000
__Lpowerup                      powerup      000000
__Lram                          ram          000000
__Lramtop                       ramtop       002500
__Lrbit                         rbit         000000
__Lrbss                         rbss         000000
__Lrdata                        rdata        000000
__Lreset_vec                    reset_vec    000000
__Lrparam                       rparam       000000
__Lsfr                          sfr          000000
__Lsmallconst                   smallconst   002500
__Lspace_0                      (abs)        000000
__Lspace_1                      (abs)        000000
__Lspace_2                      (abs)        000000
__Lspace_4                      (abs)        000000
__Lstack                        stack        000000
__Lstruct                       struct       000000
__Ltemp                         temp         000000
__Ltext                         text         000000
__Ltext0                        text0        000000
__Ltext1                        text1        000000
__Ltext10                       text10       000000
__Ltext11                       text11       000000
__Ltext12                       text12       000000
__Ltext13                       text13       000000
__Ltext14                       text14       000000
__Ltext15                       text15       000000
__Ltext16                       text16       000000
__Ltext17                       text17       000000
__Ltext18                       text18       000000
__Ltext19                       text19       000000
__Ltext2                        text2        000000
__Ltext20                       text20       000000
__Ltext21                       text21       000000
__Ltext22                       text22       000000
__Ltext23                       text23       000000
__Ltext24                       text24       000000
__Ltext25                       text25       000000
__Ltext26                       text26       000000
__Ltext27                       text27       000000
__Ltext28                       text28       000000
__Ltext29                       text29       000000
__Ltext3                        text3        000000
__Ltext30                       text30       000000
__Ltext31                       text31       000000
__Ltext32                       text32       000000
__Ltext33                       text33       000000
__Ltext4                        text4        000000
__Ltext5                        text5        000000
__Ltext6                        text6        000000
__Ltext7                        text7        000000
__Ltext8                        text8        000000
__Ltext9                        text9        000000
__S0                            (abs)        004A6A
__S1                            (abs)        00053D
__S4                            (abs)        000000
__S5                            (abs)        000000
___heap_hi                      (abs)        000000
___heap_lo                      (abs)        000000
___inthi_sp                     stack        000000
___inthi_stack_hi               stack        000000
___inthi_stack_lo               stack        000000
___intlo_sp                     stack        000000
___intlo_stack_hi               stack        000000
___intlo_stack_lo               stack        000000
___param_bank                   (abs)        000000
___rparam_used                  (abs)        000001
___sp                           stack        000000
___stack_hi                     stack        000000
___stack_lo                     stack        000000
__accesstop                     (abs)        000560
__activetblptr                  (abs)        000003
__end_of_Clock_Init             text32       004A6A
__end_of_GPIO_Init              text17       004768
__end_of_INTERRUPT_Init         text16       004944
__end_of_INT_ISR                text33       0032B2
__end_of_LCD_Add_Character      text9        0049C4
__end_of_LCD_Clear              text13       004A20
__end_of_LCD_Cursor_Increment   text8        004A62
__end_of_LCD_Cursor_Set         text11       0048B2
__end_of_LCD_Init               text12       0047EC
__end_of_LCD_Initial_Screen     text5        004852
__end_of_LCD_Update_Screen      text4        0046D2
__end_of_LCD_Write_Char         text7        004A5A
__end_of_LCD_Write_String       text6        0048FE
__end_of_LCD_pulse_clock        text15       004A50
__end_of_LCD_write_command      text14       004472
__end_of_LCD_write_data         text10       004376
__end_of_TIMER0_Init            text3        004A02
__end_of_TIMER0_Write           text2        004A42
__end_of__initialization        cinit        00497E
__end_of_configure_pin          text19       004566
__end_of_get_pin_value          text1        004168
__end_of_main                   text0        004624
__end_of_reset_pin_pullup       text31       003884
__end_of_set_pin_analog_mode    text30       004056
__end_of_set_pin_digital_mode   text29       00375A
__end_of_set_pin_input          text28       00427A
__end_of_set_pin_low            text18       0039A2
__end_of_set_pin_open_drain     text27       003F38
__end_of_set_pin_output         text26       003E1A
__end_of_set_pin_pullup         text25       003CFC
__end_of_set_pin_push_pull      text24       003630
__end_of_set_pin_sr_limited     text23       003BDE
__end_of_set_pin_sr_maximum     text22       003506
__end_of_set_pin_st             text21       003AC0
__end_of_set_pin_ttl            text20       0033DC
__initialization                cinit        004944
__mediumconst                   mediumconst  000000
__pbssCOMRAM                    bssCOMRAM    00052F
__pcinit                        cinit        004944
__pcstackCOMRAM                 cstackCOMRAM 000501
__pdataCOMRAM                   dataCOMRAM   00051D
__pidataCOMRAM                  idataCOMRAM  004A20
__pivt0x3008                    ivt0x3008    003008
__psmallconst                   smallconst   002500
__ptext0                        text0        004566
__ptext1                        text1        004056
__ptext10                       text10       00427A
__ptext11                       text11       004852
__ptext12                       text12       004768
__ptext13                       text13       004A02
__ptext14                       text14       004376
__ptext15                       text15       004A42
__ptext16                       text16       0048FE
__ptext17                       text17       0046D2
__ptext18                       text18       003884
__ptext19                       text19       004472
__ptext2                        text2        004A32
__ptext20                       text20       0032B2
__ptext21                       text21       0039A2
__ptext22                       text22       0033DC
__ptext23                       text23       003AC0
__ptext24                       text24       003506
__ptext25                       text25       003BDE
__ptext26                       text26       003CFC
__ptext27                       text27       003E1A
__ptext28                       text28       004168
__ptext29                       text29       003630
__ptext3                        text3        0049C4
__ptext30                       text30       003F38
__ptext31                       text31       00375A
__ptext32                       text32       004A62
__ptext33                       text33       003108
__ptext4                        text4        004624
__ptext5                        text5        0047EC
__ptext6                        text6        0048B2
__ptext7                        text7        004A50
__ptext8                        text8        004A5A
__ptext9                        text9        004984
__ramtop                        ramtop       002500
__smallconst                    smallconst   002500
_button_flag                    bssCOMRAM    00053B
_button_press_counter           bssCOMRAM    000537
_configure_pin                  text19       004472
_get_pin_value                  text1        004056
_high_state                     dataCOMRAM   00051F
_low_state                      dataCOMRAM   000527
_main                           text0        004566
_reset_pin_pullup               text31       00375A
_set_pin_analog_mode            text30       003F38
_set_pin_digital_mode           text29       003630
_set_pin_input                  text28       004168
_set_pin_low                    text18       003884
_set_pin_open_drain             text27       003E1A
_set_pin_output                 text26       003CFC
_set_pin_pullup                 text25       003BDE
_set_pin_push_pull              text24       003506
_set_pin_sr_limited             text23       003AC0
_set_pin_sr_maximum             text22       0033DC
_set_pin_st                     text21       0039A2
_set_pin_ttl                    text20       0032B2
_x                              bssCOMRAM    000539
configure_pin@enable_pullup     cstackCOMRAM 00050C
configure_pin@is_digital        cstackCOMRAM 00050B
configure_pin@is_input          cstackCOMRAM 00050A
configure_pin@pin_number        cstackCOMRAM 000509
configure_pin@port_name         cstackCOMRAM 000510
configure_pin@slew_rate_limited cstackCOMRAM 00050E
configure_pin@use_push_pull     cstackCOMRAM 00050F
configure_pin@use_ttl           cstackCOMRAM 00050D
end_of_initialization           cinit        00497E
get_pin_value@pin_number        cstackCOMRAM 000505
get_pin_value@port_name         cstackCOMRAM 000508
intlevel0                       text         000000
intlevel1                       text         000000
intlevel2                       text         000000
intlevel3                       text         000000
isa$std                         (abs)        000001
isa$xinst                       (abs)        000000
ivt0x3008_base                  ivt0x3008    003008
ivt0x3008_undefint              ivt0x3008    003100
main@input                      cstackCOMRAM 000519
main@output                     cstackCOMRAM 00051B
reset_pin_pullup@pin_number     cstackCOMRAM 000505
reset_pin_pullup@port_name      cstackCOMRAM 000508
set_pin_analog_mode@pin_number  cstackCOMRAM 000505
set_pin_analog_mode@port_name   cstackCOMRAM 000508
set_pin_digital_mode@pin_number cstackCOMRAM 000505
set_pin_digital_mode@port_name  cstackCOMRAM 000508
set_pin_input@pin_number        cstackCOMRAM 000505
set_pin_input@port_name         cstackCOMRAM 000508
set_pin_low@pin_number          cstackCOMRAM 000505
set_pin_low@port_name           cstackCOMRAM 000508
set_pin_open_drain@pin_number   cstackCOMRAM 000505
set_pin_open_drain@port_name    cstackCOMRAM 000508
set_pin_output@pin_number       cstackCOMRAM 000505
set_pin_output@port_name        cstackCOMRAM 000508
set_pin_pullup@pin_number       cstackCOMRAM 000505
set_pin_pullup@port_name        cstackCOMRAM 000508
set_pin_push_pull@pin_number    cstackCOMRAM 000505
set_pin_push_pull@port_name     cstackCOMRAM 000508
set_pin_sr_limited@pin_number   cstackCOMRAM 000505
set_pin_sr_limited@port_name    cstackCOMRAM 000508
set_pin_sr_maximum@pin_number   cstackCOMRAM 000505
set_pin_sr_maximum@port_name    cstackCOMRAM 000508
set_pin_st@pin_number           cstackCOMRAM 000505
set_pin_st@port_name            cstackCOMRAM 000508
set_pin_ttl@pin_number          cstackCOMRAM 000505
set_pin_ttl@port_name           cstackCOMRAM 000508
stackhi                         (abs)        000000
stacklo                         (abs)        000000
start                           init         003102
start_initialization            cinit        004944


MODULE INFORMATION

Module		Function		Class		Link	Load	Size
timers.c
		_TIMER0_Init   		CODE           	49C4	0000	62
		_TIMER0_Write  		CODE           	4A32	0000	16

timers.c estimated size: 78

config.c
		_Clock_Init    		CODE           	4A62	0000	8

config.c estimated size: 8

interrupt.c
		_INTERRUPT_Init		CODE           	48FE	0000	70
		_INT_ISR       		CODE           	3108	0000	426

interrupt.c estimated size: 496

shared
		__initialization		CODE           	4944	0000	58

shared estimated size: 58

lcd.c
		_LCD_Init      		CODE           	4768	0000	132
		_LCD_Write_Char		CODE           	4A50	0000	10
		_LCD_Add_Character		CODE           	4984	0000	64
		_LCD_write_command		CODE           	4376	0000	252
		_LCD_Clear     		CODE           	4A02	0000	30
		_LCD_write_data		CODE           	427A	0000	252
		_LCD_Cursor_Increment		CODE           	4A5A	0000	8
		_LCD_pulse_clock		CODE           	4A42	0000	14
		_LCD_Cursor_Set		CODE           	4852	0000	96
		_LCD_Write_String		CODE           	48B2	0000	76

lcd.c estimated size: 934

gpio.c
		_set_pin_push_pull		CODE           	3506	0000	298
		_set_pin_sr_limited		CODE           	3AC0	0000	286
		_configure_pin 		CODE           	4472	0000	244
		_set_pin_open_drain		CODE           	3E1A	0000	286
		_set_pin_digital_mode		CODE           	3630	0000	298
		_set_pin_sr_maximum		CODE           	33DC	0000	298
		_set_pin_analog_mode		CODE           	3F38	0000	286
		_get_pin_value 		CODE           	4056	0000	274
		_set_pin_st    		CODE           	39A2	0000	286
		_set_pin_ttl   		CODE           	32B2	0000	298
		_set_pin_low   		CODE           	3884	0000	286
		_set_pin_input 		CODE           	4168	0000	274
		_reset_pin_pullup		CODE           	375A	0000	298
		_set_pin_pullup		CODE           	3BDE	0000	286
		_set_pin_output		CODE           	3CFC	0000	286

gpio.c estimated size: 4284

main.c
		_main          		CODE           	4566	0000	190
		_LCD_Initial_Screen		CODE           	47EC	0000	102
		_GPIO_Init     		CODE           	46D2	0000	150
		_LCD_Update_Screen		CODE           	4624	0000	174

main.c estimated size: 616

