Microchip MPLAB XC8 Compiler V2.46

Linker command line:

-W-3 \
  --edf=C:\Program Files\Microchip\xc8\v2.46\pic\dat\20240104201356_en.msgs \
  -pivt0x3008=03008h -cn -h+dist/default/production\UART.X.production.sym \
  --cmf=dist/default/production\UART.X.production.cmf -z -Q18F57Q43 \
  -oC:\Users\GIRALDO\AppData\Local\Temp\xcAsfd0.\driver_tmp_3.o \
  --defsym=__MPLAB_BUILD=1 --fixupoverflow=error \
  -Mdist/default/production/UART.X.production.map \
  --md=C:\Users\GIRALDO\AppData\Local\Temp\xcAsfd0.\driver_tmp_0.dat -E1 \
  -ver=XC8 Compiler --acfsm=1493 -ACODE=00h-01FFFFh -ACONST=00h-01FFFFh \
  -ASMALLCONST=02500h-025FFhx475 \
  -AMEDIUMCONST=02500h-0FFFFh,012500h-01FFFFh -ACOMRAM=0501h-055Fh \
  -AABS1=0500h-024FFh -ABIGRAM=0501h-024FFh \
  -ARAM=0560h-05FFh,0600h-06FFhx31 -ABANK5=0560h-05FFh -ABANK6=0600h-06FFh \
  -ABANK7=0700h-07FFh -ABANK8=0800h-08FFh -ABANK9=0900h-09FFh \
  -ABANK10=0A00h-0AFFh -ABANK11=0B00h-0BFFh -ABANK12=0C00h-0CFFh \
  -ABANK13=0D00h-0DFFh -ABANK14=0E00h-0EFFh -ABANK15=0F00h-0FFFh \
  -ABANK16=01000h-010FFh -ABANK17=01100h-011FFh -ABANK18=01200h-012FFh \
  -ABANK19=01300h-013FFh -ABANK20=01400h-014FFh -ABANK21=01500h-015FFh \
  -ABANK22=01600h-016FFh -ABANK23=01700h-017FFh -ABANK24=01800h-018FFh \
  -ABANK25=01900h-019FFh -ABANK26=01A00h-01AFFh -ABANK27=01B00h-01BFFh \
  -ABANK28=01C00h-01CFFh -ABANK29=01D00h-01DFFh -ABANK30=01E00h-01EFFh \
  -ABANK31=01F00h-01FFFh -ABANK32=02000h-020FFh -ABANK33=02100h-021FFh \
  -ABANK34=02200h-022FFh -ABANK35=02300h-023FFh -ABANK36=02400h-024FFh \
  -ASFR=00h-0FFhx4,0400h-045Fh,0460h-04FFh,02500h-025FFh \
  -ABIGSFR=00h-04FFh,02500h-025FFh -ACONFIG=0300000h-0300011h \
  -AIDLOC=0200000h-020003Fh -AEEDATA=0380000h-03803FFh -peeprom_data=EEDATA \
  -preset_vec=00h -ppowerup=CODE,init -pramtop=02500h \
  -psmallconst=SMALLCONST -pmediumconst=MEDIUMCONST -pconst=CONST \
  -AFARRAM=00h-00h \
  -prdata=COMRAM,nvrram=COMRAM,nvbit=COMRAM,rbss=COMRAM,rbit=COMRAM \
  -pfarbss=FARRAM,fardata=FARRAM,nvFARRAM=FARRAM \
  -pintsave_regs=BIGRAM,bigbss=BIGRAM,bigdata=BIGRAM -pbss=RAM \
  -pidata=CODE,irdata=CODE,ibigdata=CODE,ifardata=CODE -prparam=COMRAM \
  C:\Users\GIRALDO\AppData\Local\Temp\xcAsfd0.\driver_tmp_14.o \
  dist/default/production\UART.X.production.o 

Object code version is 3.11

Machine type is 18F57Q43



                Name                               Link     Load   Length Selector   Space Scale
C:\Users\GIRALDO\AppData\Local\Temp\xcAsfd0.\driver_tmp_14.o
                config                           300000   300000        A        0       4
                init                               3102     3102        4     1804       0
                reset_vec                             0        0        4        0       0
dist/default/production\UART.X.production.o
                config                           300000   300000        A        0       4
                smallconst                         2500     2500       14     1280       0
                ivt0x3008                          3008     3008       FA     1804       0
                text28                             460E     460E       14     1155       0
                text27                             4554     4554       3E     1155       0
                text26                             462C     462C        8     1155       0
                text25                             3754     3754      12A     1804       0
                text24                             3E14     3E14      11E     1804       0
                text23                             362A     362A      12A     1804       0
                text22                             3F32     3F32      112     1804       0
                text21                             3CF6     3CF6      11E     1804       0
                text20                             3BD8     3BD8      11E     1804       0
                text19                             3ABA     3ABA      11E     1804       0
                text18                             3500     3500      12A     1804       0
                text17                             399C     399C      11E     1804       0
                text16                             33D6     33D6      12A     1804       0
                text15                             387E     387E      11E     1804       0
                text14                             32AC     32AC      12A     1804       0
                text13                             4044     4044       F4     1804       0
                text12                             4434     4434       6C     1804       0
                text11                             45B4     45B4       22     1155       0
                text10                             4202     4202       A4     1804       0
                text9                              42A6     42A6       9E     1804       0
                text8                              43C0     43C0       74     1804       0
                text7                              44A0     44A0       64     1804       0
                text6                              45F6     45F6       18     1155       0
                text5                              4622     4622        A     1155       0
                text4                              4138     4138       CA     1804       0
                text3                              3106     3106      1A6     1804       0
                text2                              4504     4504       4E     1804       0
                text1                              4592     4592       22     1155       0
                text0                              4344     4344       7C     1804       0
                cstackCOMRAM                        501      501       2D      501       1
                bssCOMRAM                           52E      52E       2B      501       1
                cinit                              45D6     45D6       20     1155       0

TOTAL           Name                               Link     Load   Length     Space
        CLASS   CODE           
                init                               3102     3102        4         0
                reset_vec                             0        0        4         0
                ivt0x3008                          3008     3008       FA         0
                text28                             460E     460E       14         0
                text27                             4554     4554       3E         0
                text26                             462C     462C        8         0
                text25                             3754     3754      12A         0
                text24                             3E14     3E14      11E         0
                text23                             362A     362A      12A         0
                text22                             3F32     3F32      112         0
                text21                             3CF6     3CF6      11E         0
                text20                             3BD8     3BD8      11E         0
                text19                             3ABA     3ABA      11E         0
                text18                             3500     3500      12A         0
                text17                             399C     399C      11E         0
                text16                             33D6     33D6      12A         0
                text15                             387E     387E      11E         0
                text14                             32AC     32AC      12A         0
                text13                             4044     4044       F4         0
                text12                             4434     4434       6C         0
                text11                             45B4     45B4       22         0
                text10                             4202     4202       A4         0
                text9                              42A6     42A6       9E         0
                text8                              43C0     43C0       74         0
                text7                              44A0     44A0       64         0
                text6                              45F6     45F6       18         0
                text5                              4622     4622        A         0
                text4                              4138     4138       CA         0
                text3                              3106     3106      1A6         0
                text2                              4504     4504       4E         0
                text1                              4592     4592       22         0
                text0                              4344     4344       7C         0
                cinit                              45D6     45D6       20         0

        CLASS   CONST          

        CLASS   SMALLCONST     
                smallconst                         2500     2500       14         0

        CLASS   MEDIUMCONST    

        CLASS   COMRAM         
                cstackCOMRAM                        501      501       2D         1
                bssCOMRAM                           52E      52E       2B         1

        CLASS   ABS1           

        CLASS   BIGRAM         

        CLASS   RAM            

        CLASS   BANK5          

        CLASS   BANK6          

        CLASS   BANK7          

        CLASS   BANK8          

        CLASS   BANK9          

        CLASS   BANK10         

        CLASS   BANK11         

        CLASS   BANK12         

        CLASS   BANK13         

        CLASS   BANK14         

        CLASS   BANK15         

        CLASS   BANK16         

        CLASS   BANK17         

        CLASS   BANK18         

        CLASS   BANK19         

        CLASS   BANK20         

        CLASS   BANK21         

        CLASS   BANK22         

        CLASS   BANK23         

        CLASS   BANK24         

        CLASS   BANK25         

        CLASS   BANK26         

        CLASS   BANK27         

        CLASS   BANK28         

        CLASS   BANK29         

        CLASS   BANK30         

        CLASS   BANK31         

        CLASS   BANK32         

        CLASS   BANK33         

        CLASS   BANK34         

        CLASS   BANK35         

        CLASS   BANK36         

        CLASS   SFR            

        CLASS   BIGSFR         

        CLASS   CONFIG         
                config                           300000   300000        A         4

        CLASS   IDLOC          

        CLASS   EEDATA         

        CLASS   FARRAM         

        CLASS   HEAP           

        CLASS   STACK          



SEGMENTS        Name                           Load    Length   Top    Selector   Space  Class

                reset_vec                      000000  000004  000004         0       0  CODE    
                cstackCOMRAM                   000501  000058  000559       501       1  COMRAM  
                smallconst                     002500  000014  002514      1280       0  SMALLCON
                ivt0x3008                      003008  00154A  004552      1804       0  CODE    
                text27                         004554  0000E0  004634      1155       0  CODE    


UNUSED ADDRESS RANGES

        Name                Unused          Largest block    Delta
        BANK10           000A00-000AFF              100
        BANK11           000B00-000BFF              100
        BANK12           000C00-000CFF              100
        BANK13           000D00-000DFF              100
        BANK14           000E00-000EFF              100
        BANK15           000F00-000FFF              100
        BANK16           001000-0010FF              100
        BANK17           001100-0011FF              100
        BANK18           001200-0012FF              100
        BANK19           001300-0013FF              100
        BANK20           001400-0014FF              100
        BANK21           001500-0015FF              100
        BANK22           001600-0016FF              100
        BANK23           001700-0017FF              100
        BANK24           001800-0018FF              100
        BANK25           001900-0019FF              100
        BANK26           001A00-001AFF              100
        BANK27           001B00-001BFF              100
        BANK28           001C00-001CFF              100
        BANK29           001D00-001DFF              100
        BANK30           001E00-001EFF              100
        BANK31           001F00-001FFF              100
        BANK32           002000-0020FF              100
        BANK33           002100-0021FF              100
        BANK34           002200-0022FF              100
        BANK35           002300-0023FF              100
        BANK36           002400-0024FF              100
        BANK5            000560-0005FF               A0
        BANK6            000600-0006FF              100
        BANK7            000700-0007FF              100
        BANK8            000800-0008FF              100
        BANK9            000900-0009FF              100
        BIGRAM           000559-0024FF             1FA7
        BIGSFR           000000-0004FF              500
                         002500-0025FF              100
        CODE             000004-0024FF             24FC
                         002514-003007              AF4
                         004552-004553                2
                         004634-01FFFF            1B9CC
        COMRAM           000559-00055F                7
        CONFIG           30000A-300011                8
        CONST            000004-0024FF             24FC
                         002514-003007              AF4
                         004552-004553                2
                         004634-01FFFF            1B9CC
        EEDATA           380000-3803FF              400
        IDLOC            200000-20003F               40
        MEDIUMCONST      002514-003007              AF4
                         004552-004553                2
                         004634-00FFFF             B9CC
                         012500-01FFFF             DB00
        RAM              000560-0024FF              100
        SFR              000000-0004FF              100
                         002500-0025FF              100
        SMALLCONST       002514-003007              100
                         004552-004553                2
                         004634-01FFFF              100

                                  Symbol Table

?___lldiv                       cstackCOMRAM 000502
?___lwdiv                       cstackCOMRAM 000502
?___lwmod                       cstackCOMRAM 000502
?_printf                        cstackCOMRAM 000521
?_vfprintf                      cstackCOMRAM 00051B
INT_ISR@dataRx                  cstackCOMRAM 000501
IVTBASEH                        (abs)        00045E
IVTBASEL                        (abs)        00045D
IVTBASEU                        (abs)        00045F
UART1_Init@baud                 cstackCOMRAM 00050F
UART1_Write_Char@ch             cstackCOMRAM 000502
_ANSELA                         (abs)        000400
_ANSELB                         (abs)        000408
_ANSELC                         (abs)        000410
_ANSELD                         (abs)        000418
_ANSELE                         (abs)        000420
_ANSELF                         (abs)        000428
_Clock_Init                     text26       00462C
_GPIO_Init                      text12       004434
_INLVLA                         (abs)        000404
_INLVLB                         (abs)        00040C
_INLVLC                         (abs)        000414
_INLVLD                         (abs)        00041C
_INLVLE                         (abs)        000424
_INLVLF                         (abs)        00042C
_INTCON0bits                    (abs)        0004D6
_INTERRUPT_Init                 text11       0045B4
_INT_ISR                        text27       004554
_IPR4bits                       (abs)        000366
_IVTBASEH                       (abs)        00045E
_IVTBASEL                       (abs)        00045D
_IVTBASEU                       (abs)        00045F
_LATA                           (abs)        0004BE
_LATB                           (abs)        0004BF
_LATC                           (abs)        0004C0
_LATD                           (abs)        0004C1
_LATE                           (abs)        0004C2
_LATF                           (abs)        0004C3
_LATFbits                       (abs)        0004C3
_ODCONA                         (abs)        000402
_ODCONB                         (abs)        00040A
_ODCONC                         (abs)        000412
_ODCOND                         (abs)        00041A
_ODCONE                         (abs)        000422
_ODCONF                         (abs)        00042A
_OSCCON1                        (abs)        0000AD
_PIE4bits                       (abs)        0004A2
_PIR4bits                       (abs)        0004B2
_PORTA                          (abs)        0004CE
_PORTB                          (abs)        0004CF
_PORTC                          (abs)        0004D0
_PORTD                          (abs)        0004D1
_PORTE                          (abs)        0004D2
_PORTF                          (abs)        0004D3
_RF0PPS                         (abs)        000229
_SLRCONA                        (abs)        000403
_SLRCONB                        (abs)        00040B
_SLRCONC                        (abs)        000413
_SLRCOND                        (abs)        00041B
_SLRCONE                        (abs)        000423
_SLRCONF                        (abs)        00042B
_TRISA                          (abs)        0004C6
_TRISB                          (abs)        0004C7
_TRISC                          (abs)        0004C8
_TRISD                          (abs)        0004C9
_TRISE                          (abs)        0004CA
_TRISF                          (abs)        0004CB
_U1BRG                          (abs)        0002AE
_U1CON0bits                     (abs)        0002AB
_U1CON1bits                     (abs)        0002AC
_U1CON2bits                     (abs)        0002AD
_U1ERRIRbits                    (abs)        0002B2
_U1FIFObits                     (abs)        0002B0
_U1RXB                          (abs)        0002A1
_U1RXPPSbits                    (abs)        000272
_U1TXB                          (abs)        0002A3
_UART1_Init                     text9        0042A6
_UART1_Read_Char                text28       00460E
_UART1_Write_Char               text6        0045F6
_WPUA                           (abs)        000401
_WPUB                           (abs)        000409
_WPUC                           (abs)        000411
_WPUD                           (abs)        000419
_WPUE                           (abs)        000421
_WPUF                           (abs)        000429
__HRAM                          (abs)        000000
__H__absolute__                 __absolute__ 000000
__Habs1                         abs1         000000
__Hbank10                       bank10       000000
__Hbank11                       bank11       000000
__Hbank12                       bank12       000000
__Hbank13                       bank13       000000
__Hbank14                       bank14       000000
__Hbank15                       bank15       000000
__Hbank16                       bank16       000000
__Hbank17                       bank17       000000
__Hbank18                       bank18       000000
__Hbank19                       bank19       000000
__Hbank20                       bank20       000000
__Hbank21                       bank21       000000
__Hbank22                       bank22       000000
__Hbank23                       bank23       000000
__Hbank24                       bank24       000000
__Hbank25                       bank25       000000
__Hbank26                       bank26       000000
__Hbank27                       bank27       000000
__Hbank28                       bank28       000000
__Hbank29                       bank29       000000
__Hbank30                       bank30       000000
__Hbank31                       bank31       000000
__Hbank32                       bank32       000000
__Hbank33                       bank33       000000
__Hbank34                       bank34       000000
__Hbank35                       bank35       000000
__Hbank36                       bank36       000000
__Hbank5                        bank5        000000
__Hbank6                        bank6        000000
__Hbank7                        bank7        000000
__Hbank8                        bank8        000000
__Hbank9                        bank9        000000
__Hbigbss                       bigbss       000000
__Hbigdata                      bigdata      000000
__Hbigram                       bigram       000000
__Hbigsfr                       bigsfr       000000
__Hbss                          bss          000000
__HbssCOMRAM                    bssCOMRAM    000000
__Hcinit                        cinit        000000
__Hclrtext                      clrtext      000000
__Hcomram                       comram       000000
__Hconfig                       config       30000A
__Hconst                        const        000000
__HcstackCOMRAM                 cstackCOMRAM 000000
__Hdata                         data         000000
__Heeprom_data                  eeprom_data  000000
__Hfarbss                       farbss       000000
__Hfardata                      fardata      000000
__Hheap                         heap         000000
__Hibigdata                     ibigdata     000000
__Hidata                        idata        000000
__Hidloc                        idloc        000000
__Hifardata                     ifardata     000000
__Hinit                         init         003106
__Hintsave_regs                 intsave_regs 000000
__Hirdata                       irdata       000000
__Hivt0x3008                    ivt0x3008    003102
__Hmediumconst                  mediumconst  000000
__HnvFARRAM                     nvFARRAM     000000
__Hnvbit                        nvbit        000000
__Hnvrram                       nvrram       000000
__Hparam                        rparam       000000
__Hpowerup                      powerup      000000
__Hram                          ram          000000
__Hramtop                       ramtop       002500
__Hrbit                         rbit         000000
__Hrbss                         rbss         000000
__Hrdata                        rdata        000000
__Hreset_vec                    reset_vec    000004
__Hrparam                       rparam       000000
__Hsfr                          sfr          000000
__Hsmallconst                   smallconst   002514
__Hspace_0                      (abs)        004634
__Hspace_1                      (abs)        000559
__Hspace_2                      (abs)        000000
__Hspace_4                      (abs)        60000A
__Hstack                        stack        000000
__Hstruct                       struct       000000
__Htemp                         temp         000000
__Htext                         text         000000
__Htext0                        text0        000000
__Htext1                        text1        000000
__Htext10                       text10       000000
__Htext11                       text11       000000
__Htext12                       text12       000000
__Htext13                       text13       000000
__Htext14                       text14       000000
__Htext15                       text15       000000
__Htext16                       text16       000000
__Htext17                       text17       000000
__Htext18                       text18       000000
__Htext19                       text19       000000
__Htext2                        text2        000000
__Htext20                       text20       000000
__Htext21                       text21       000000
__Htext22                       text22       000000
__Htext23                       text23       000000
__Htext24                       text24       000000
__Htext25                       text25       000000
__Htext26                       text26       000000
__Htext27                       text27       000000
__Htext28                       text28       000000
__Htext3                        text3        000000
__Htext4                        text4        000000
__Htext5                        text5        000000
__Htext6                        text6        000000
__Htext7                        text7        000000
__Htext8                        text8        000000
__Htext9                        text9        000000
__LRAM                          (abs)        000001
__L__absolute__                 __absolute__ 000000
__Labs1                         abs1         000000
__Lbank10                       bank10       000000
__Lbank11                       bank11       000000
__Lbank12                       bank12       000000
__Lbank13                       bank13       000000
__Lbank14                       bank14       000000
__Lbank15                       bank15       000000
__Lbank16                       bank16       000000
__Lbank17                       bank17       000000
__Lbank18                       bank18       000000
__Lbank19                       bank19       000000
__Lbank20                       bank20       000000
__Lbank21                       bank21       000000
__Lbank22                       bank22       000000
__Lbank23                       bank23       000000
__Lbank24                       bank24       000000
__Lbank25                       bank25       000000
__Lbank26                       bank26       000000
__Lbank27                       bank27       000000
__Lbank28                       bank28       000000
__Lbank29                       bank29       000000
__Lbank30                       bank30       000000
__Lbank31                       bank31       000000
__Lbank32                       bank32       000000
__Lbank33                       bank33       000000
__Lbank34                       bank34       000000
__Lbank35                       bank35       000000
__Lbank36                       bank36       000000
__Lbank5                        bank5        000000
__Lbank6                        bank6        000000
__Lbank7                        bank7        000000
__Lbank8                        bank8        000000
__Lbank9                        bank9        000000
__Lbigbss                       bigbss       000000
__Lbigdata                      bigdata      000000
__Lbigram                       bigram       000000
__Lbigsfr                       bigsfr       000000
__Lbss                          bss          000000
__LbssCOMRAM                    bssCOMRAM    000000
__Lcinit                        cinit        000000
__Lclrtext                      clrtext      000000
__Lcomram                       comram       000000
__Lconfig                       config       000000
__Lconst                        const        000000
__LcstackCOMRAM                 cstackCOMRAM 000000
__Ldata                         data         000000
__Leeprom_data                  eeprom_data  000000
__Lfarbss                       farbss       000000
__Lfardata                      fardata      000000
__Lheap                         heap         000000
__Libigdata                     ibigdata     000000
__Lidata                        idata        000000
__Lidloc                        idloc        000000
__Lifardata                     ifardata     000000
__Linit                         init         003102
__Lintsave_regs                 intsave_regs 000000
__Lirdata                       irdata       000000
__Livt0x3008                    ivt0x3008    003008
__Lmediumconst                  mediumconst  000000
__LnvFARRAM                     nvFARRAM     000000
__Lnvbit                        nvbit        000000
__Lnvrram                       nvrram       000000
__Lparam                        rparam       000000
__Lpowerup                      powerup      000000
__Lram                          ram          000000
__Lramtop                       ramtop       002500
__Lrbit                         rbit         000000
__Lrbss                         rbss         000000
__Lrdata                        rdata        000000
__Lreset_vec                    reset_vec    000000
__Lrparam                       rparam       000000
__Lsfr                          sfr          000000
__Lsmallconst                   smallconst   002500
__Lspace_0                      (abs)        000000
__Lspace_1                      (abs)        000000
__Lspace_2                      (abs)        000000
__Lspace_4                      (abs)        000000
__Lstack                        stack        000000
__Lstruct                       struct       000000
__Ltemp                         temp         000000
__Ltext                         text         000000
__Ltext0                        text0        000000
__Ltext1                        text1        000000
__Ltext10                       text10       000000
__Ltext11                       text11       000000
__Ltext12                       text12       000000
__Ltext13                       text13       000000
__Ltext14                       text14       000000
__Ltext15                       text15       000000
__Ltext16                       text16       000000
__Ltext17                       text17       000000
__Ltext18                       text18       000000
__Ltext19                       text19       000000
__Ltext2                        text2        000000
__Ltext20                       text20       000000
__Ltext21                       text21       000000
__Ltext22                       text22       000000
__Ltext23                       text23       000000
__Ltext24                       text24       000000
__Ltext25                       text25       000000
__Ltext26                       text26       000000
__Ltext27                       text27       000000
__Ltext28                       text28       000000
__Ltext3                        text3        000000
__Ltext4                        text4        000000
__Ltext5                        text5        000000
__Ltext6                        text6        000000
__Ltext7                        text7        000000
__Ltext8                        text8        000000
__Ltext9                        text9        000000
__S0                            (abs)        004634
__S1                            (abs)        000559
__S4                            (abs)        000000
__S5                            (abs)        000000
___heap_hi                      (abs)        000000
___heap_lo                      (abs)        000000
___inthi_sp                     stack        000000
___inthi_stack_hi               stack        000000
___inthi_stack_lo               stack        000000
___intlo_sp                     stack        000000
___intlo_stack_hi               stack        000000
___intlo_stack_lo               stack        000000
___lldiv                        text10       004202
___lldiv@counter                cstackCOMRAM 00050E
___lldiv@dividend               cstackCOMRAM 000502
___lldiv@divisor                cstackCOMRAM 000506
___lldiv@quotient               cstackCOMRAM 00050A
___lwdiv                        text8        0043C0
___lwdiv@counter                cstackCOMRAM 000508
___lwdiv@dividend               cstackCOMRAM 000502
___lwdiv@divisor                cstackCOMRAM 000504
___lwdiv@quotient               cstackCOMRAM 000506
___lwmod                        text7        0044A0
___lwmod@counter                cstackCOMRAM 000506
___lwmod@dividend               cstackCOMRAM 000502
___lwmod@divisor                cstackCOMRAM 000504
___param_bank                   (abs)        000000
___rparam_used                  (abs)        000001
___sp                           stack        000000
___stack_hi                     stack        000000
___stack_lo                     stack        000000
__accesstop                     (abs)        000560
__activetblptr                  (abs)        000003
__end_of_Clock_Init             text26       004634
__end_of_GPIO_Init              text12       0044A0
__end_of_INTERRUPT_Init         text11       0045D6
__end_of_INT_ISR                text27       004592
__end_of_UART1_Init             text9        004344
__end_of_UART1_Read_Char        text28       004622
__end_of_UART1_Write_Char       text6        00460E
__end_of___lldiv                text10       0042A6
__end_of___lwdiv                text8        004434
__end_of___lwmod                text7        004504
__end_of__initialization        cinit        0045F0
__end_of_configure_pin          text13       004138
__end_of_fputc                  text4        004202
__end_of_main                   text0        0043C0
__end_of_printf                 text1        0045B4
__end_of_putch                  text5        00462C
__end_of_reset_pin_pullup       text25       00387E
__end_of_set_pin_analog_mode    text24       003F32
__end_of_set_pin_digital_mode   text23       003754
__end_of_set_pin_input          text22       004044
__end_of_set_pin_open_drain     text21       003E14
__end_of_set_pin_output         text20       003CF6
__end_of_set_pin_pullup         text19       003BD8
__end_of_set_pin_push_pull      text18       00362A
__end_of_set_pin_sr_limited     text17       003ABA
__end_of_set_pin_sr_maximum     text16       003500
__end_of_set_pin_st             text15       00399C
__end_of_set_pin_ttl            text14       0033D6
__end_of_vfpfcnvrt              text3        0032AC
__end_of_vfprintf               text2        004552
__initialization                cinit        0045D6
__mediumconst                   mediumconst  000000
__pbssCOMRAM                    bssCOMRAM    00052E
__pcinit                        cinit        0045D6
__pcstackCOMRAM                 cstackCOMRAM 000501
__pivt0x3008                    ivt0x3008    003008
__psmallconst                   smallconst   002500
__ptext0                        text0        004344
__ptext1                        text1        004592
__ptext10                       text10       004202
__ptext11                       text11       0045B4
__ptext12                       text12       004434
__ptext13                       text13       004044
__ptext14                       text14       0032AC
__ptext15                       text15       00387E
__ptext16                       text16       0033D6
__ptext17                       text17       00399C
__ptext18                       text18       003500
__ptext19                       text19       003ABA
__ptext2                        text2        004504
__ptext20                       text20       003BD8
__ptext21                       text21       003CF6
__ptext22                       text22       003F32
__ptext23                       text23       00362A
__ptext24                       text24       003E14
__ptext25                       text25       003754
__ptext26                       text26       00462C
__ptext27                       text27       004554
__ptext28                       text28       00460E
__ptext3                        text3        003106
__ptext4                        text4        004138
__ptext5                        text5        004622
__ptext6                        text6        0045F6
__ptext7                        text7        0044A0
__ptext8                        text8        0043C0
__ptext9                        text9        0042A6
__ramtop                        ramtop       002500
__smallconst                    smallconst   002500
_button_flag                    bssCOMRAM    000556
_button_press_counter           bssCOMRAM    000552
_configure_pin                  text13       004044
_dbuf                           bssCOMRAM    00052E
_flags                          bssCOMRAM    000558
_fputc                          text4        004138
_main                           text0        004344
_prec                           bssCOMRAM    000550
_printf                         text1        004592
_putch                          text5        004622
_reset_pin_pullup               text25       003754
_set_pin_analog_mode            text24       003E14
_set_pin_digital_mode           text23       00362A
_set_pin_input                  text22       003F32
_set_pin_open_drain             text21       003CF6
_set_pin_output                 text20       003BD8
_set_pin_pullup                 text19       003ABA
_set_pin_push_pull              text18       003500
_set_pin_sr_limited             text17       00399C
_set_pin_sr_maximum             text16       0033D6
_set_pin_st                     text15       00387E
_set_pin_ttl                    text14       0032AC
_vfpfcnvrt                      text3        003106
_vfprintf                       text2        004504
_width                          bssCOMRAM    00054E
_x                              bssCOMRAM    000554
configure_pin@enable_pullup     cstackCOMRAM 000509
configure_pin@is_digital        cstackCOMRAM 000508
configure_pin@is_input          cstackCOMRAM 000507
configure_pin@pin_number        cstackCOMRAM 000506
configure_pin@port_name         cstackCOMRAM 00050D
configure_pin@slew_rate_limited cstackCOMRAM 00050B
configure_pin@use_push_pull     cstackCOMRAM 00050C
configure_pin@use_ttl           cstackCOMRAM 00050A
end_of_initialization           cinit        0045F0
fputc@c                         cstackCOMRAM 000504
fputc@fp                        cstackCOMRAM 000506
intlevel0                       text         000000
intlevel1                       text         000000
intlevel2                       text         000000
intlevel3                       text         000000
isa$std                         (abs)        000001
isa$xinst                       (abs)        000000
ivt0x3008_base                  ivt0x3008    003008
ivt0x3008_undefint              ivt0x3008    003100
main@i                          cstackCOMRAM 00052D
printf@ap                       cstackCOMRAM 000524
printf@fmt                      cstackCOMRAM 000521
putch@dataTx                    cstackCOMRAM 000503
reset_pin_pullup@pin_number     cstackCOMRAM 000502
reset_pin_pullup@port_name      cstackCOMRAM 000505
set_pin_analog_mode@pin_number  cstackCOMRAM 000502
set_pin_analog_mode@port_name   cstackCOMRAM 000505
set_pin_digital_mode@pin_number cstackCOMRAM 000502
set_pin_digital_mode@port_name  cstackCOMRAM 000505
set_pin_input@pin_number        cstackCOMRAM 000502
set_pin_input@port_name         cstackCOMRAM 000505
set_pin_open_drain@pin_number   cstackCOMRAM 000502
set_pin_open_drain@port_name    cstackCOMRAM 000505
set_pin_output@pin_number       cstackCOMRAM 000502
set_pin_output@port_name        cstackCOMRAM 000505
set_pin_pullup@pin_number       cstackCOMRAM 000502
set_pin_pullup@port_name        cstackCOMRAM 000505
set_pin_push_pull@pin_number    cstackCOMRAM 000502
set_pin_push_pull@port_name     cstackCOMRAM 000505
set_pin_sr_limited@pin_number   cstackCOMRAM 000502
set_pin_sr_limited@port_name    cstackCOMRAM 000505
set_pin_sr_maximum@pin_number   cstackCOMRAM 000502
set_pin_sr_maximum@port_name    cstackCOMRAM 000505
set_pin_st@pin_number           cstackCOMRAM 000502
set_pin_st@port_name            cstackCOMRAM 000505
set_pin_ttl@pin_number          cstackCOMRAM 000502
set_pin_ttl@port_name           cstackCOMRAM 000505
stackhi                         (abs)        000000
stacklo                         (abs)        000000
start                           init         003102
start_initialization            cinit        0045D6
vfpfcnvrt@ap                    cstackCOMRAM 000511
vfpfcnvrt@c                     cstackCOMRAM 00051A
vfpfcnvrt@convarg               cstackCOMRAM 000515
vfpfcnvrt@cp                    cstackCOMRAM 000519
vfpfcnvrt@fmt                   cstackCOMRAM 00050F
vfpfcnvrt@fp                    cstackCOMRAM 00050D
vfprintf@ap                     cstackCOMRAM 00051E
vfprintf@cfmt                   cstackCOMRAM 000520
vfprintf@fmt                    cstackCOMRAM 00051D
vfprintf@fp                     cstackCOMRAM 00051B


MODULE INFORMATION

Module		Function		Class		Link	Load	Size
C:\Program Files\Microchip\xc8\v2.46\pic\sources\c99\common\printf.c
		_printf        		CODE           	4592	0000	34

C:\Program Files\Microchip\xc8\v2.46\pic\sources\c99\common\printf.c estimated size: 34

C:\Program Files\Microchip\xc8\v2.46\pic\sources\c99\common\nf_fputc.c
		_fputc         		CODE           	4138	0000	202

C:\Program Files\Microchip\xc8\v2.46\pic\sources\c99\common\nf_fputc.c estimated size: 202

uart.c
		_putch         		CODE           	4622	0000	10
		_UART1_Read_Char		CODE           	460E	0000	20
		_UART1_Write_Char		CODE           	45F6	0000	24
		_UART1_Init    		CODE           	42A6	0000	158

uart.c estimated size: 212

C:\Program Files\Microchip\xc8\v2.46\pic\sources\c99\common\lwdiv.c
		___lwdiv       		CODE           	43C0	0000	116

C:\Program Files\Microchip\xc8\v2.46\pic\sources\c99\common\lwdiv.c estimated size: 116

config.c
		_Clock_Init    		CODE           	462C	0000	8

config.c estimated size: 8

C:\Program Files\Microchip\xc8\v2.46\pic\sources\c99\common\doprnt.c
		_vfpfcnvrt     		CODE           	3106	0000	422
		_vfprintf      		CODE           	4504	0000	78

C:\Program Files\Microchip\xc8\v2.46\pic\sources\c99\common\doprnt.c estimated size: 500

interrupt.c
		_INTERRUPT_Init		CODE           	45B4	0000	34
		_INT_ISR       		CODE           	4554	0000	62

interrupt.c estimated size: 96

shared
		__initialization		CODE           	45D6	0000	26

shared estimated size: 26

C:\Program Files\Microchip\xc8\v2.46\pic\sources\c99\common\__lldiv.c
		___lldiv       		CODE           	4202	0000	164

C:\Program Files\Microchip\xc8\v2.46\pic\sources\c99\common\__lldiv.c estimated size: 164

gpio.c
		_set_pin_push_pull		CODE           	3500	0000	298
		_set_pin_sr_limited		CODE           	399C	0000	286
		_configure_pin 		CODE           	4044	0000	244
		_set_pin_open_drain		CODE           	3CF6	0000	286
		_set_pin_digital_mode		CODE           	362A	0000	298
		_set_pin_sr_maximum		CODE           	33D6	0000	298
		_set_pin_analog_mode		CODE           	3E14	0000	286
		_set_pin_st    		CODE           	387E	0000	286
		_set_pin_ttl   		CODE           	32AC	0000	298
		_set_pin_input 		CODE           	3F32	0000	274
		_reset_pin_pullup		CODE           	3754	0000	298
		_set_pin_pullup		CODE           	3ABA	0000	286
		_set_pin_output		CODE           	3BD8	0000	286

gpio.c estimated size: 3724

C:\Program Files\Microchip\xc8\v2.46\pic\sources\c99\common\lwmod.c
		___lwmod       		CODE           	44A0	0000	100

C:\Program Files\Microchip\xc8\v2.46\pic\sources\c99\common\lwmod.c estimated size: 100

main.c
		_main          		CODE           	4344	0000	124
		_GPIO_Init     		CODE           	4434	0000	108

main.c estimated size: 232

