Microchip MPLAB XC8 Compiler V2.46

Linker command line:

-W-3 \
  --edf=C:\Program Files\Microchip\xc8\v2.46\pic\dat\20240104201356_en.msgs \
  -cn -h+dist/default/production\Display7_Seg.X.production.sym \
  --cmf=dist/default/production\Display7_Seg.X.production.cmf -z -Q18F57Q43 \
  -oC:\Users\GIRALDO\AppData\Local\Temp\xcAs8ao.\driver_tmp_3.o \
  --defsym=__MPLAB_BUILD=1 --fixupoverflow=error \
  -Mdist/default/production/Display7_Seg.X.production.map \
  --md=C:\Users\GIRALDO\AppData\Local\Temp\xcAs8ao.\driver_tmp_0.dat -E1 \
  -ver=XC8 Compiler --acfsm=1493 -ACODE=00h-01FFFFh -ACONST=00h-01FFFFh \
  -ASMALLCONST=02500h-025FFhx475 \
  -AMEDIUMCONST=02500h-0FFFFh,012500h-01FFFFh -ACOMRAM=0501h-055Fh \
  -AABS1=0500h-024FFh -ABIGRAM=0501h-024FFh \
  -ARAM=0560h-05FFh,0600h-06FFhx31 -ABANK5=0560h-05FFh -ABANK6=0600h-06FFh \
  -ABANK7=0700h-07FFh -ABANK8=0800h-08FFh -ABANK9=0900h-09FFh \
  -ABANK10=0A00h-0AFFh -ABANK11=0B00h-0BFFh -ABANK12=0C00h-0CFFh \
  -ABANK13=0D00h-0DFFh -ABANK14=0E00h-0EFFh -ABANK15=0F00h-0FFFh \
  -ABANK16=01000h-010FFh -ABANK17=01100h-011FFh -ABANK18=01200h-012FFh \
  -ABANK19=01300h-013FFh -ABANK20=01400h-014FFh -ABANK21=01500h-015FFh \
  -ABANK22=01600h-016FFh -ABANK23=01700h-017FFh -ABANK24=01800h-018FFh \
  -ABANK25=01900h-019FFh -ABANK26=01A00h-01AFFh -ABANK27=01B00h-01BFFh \
  -ABANK28=01C00h-01CFFh -ABANK29=01D00h-01DFFh -ABANK30=01E00h-01EFFh \
  -ABANK31=01F00h-01FFFh -ABANK32=02000h-020FFh -ABANK33=02100h-021FFh \
  -ABANK34=02200h-022FFh -ABANK35=02300h-023FFh -ABANK36=02400h-024FFh \
  -ASFR=00h-0FFhx4,0400h-045Fh,0460h-04FFh,02500h-025FFh \
  -ABIGSFR=00h-04FFh,02500h-025FFh -ACONFIG=0300000h-0300011h \
  -AIDLOC=0200000h-020003Fh -AEEDATA=0380000h-03803FFh -peeprom_data=EEDATA \
  -preset_vec=00h -ppowerup=CODE,init -pramtop=02500h \
  -psmallconst=SMALLCONST -pmediumconst=MEDIUMCONST -pconst=CONST \
  -AFARRAM=00h-00h \
  -prdata=COMRAM,nvrram=COMRAM,nvbit=COMRAM,rbss=COMRAM,rbit=COMRAM \
  -pfarbss=FARRAM,fardata=FARRAM,nvFARRAM=FARRAM \
  -pintsave_regs=BIGRAM,bigbss=BIGRAM,bigdata=BIGRAM -pbss=RAM \
  -pidata=CODE,irdata=CODE,ibigdata=CODE,ifardata=CODE -prparam=COMRAM \
  C:\Users\GIRALDO\AppData\Local\Temp\xcAs8ao.\driver_tmp_9.o \
  dist/default/production\Display7_Seg.X.production.o 

Object code version is 3.11

Machine type is 18F57Q43



                Name                               Link     Load   Length Selector   Space Scale
C:\Users\GIRALDO\AppData\Local\Temp\xcAs8ao.\driver_tmp_9.o
                config                           300000   300000        A        0       4
                init                              1FFFC    1FFFC        4     FFFE       0
                reset_vec                             0        0        4        0       0
dist/default/production\Display7_Seg.X.production.o
                config                           300000   300000        A        0       4
                smallconst                         2500     2500       16     1280       0
                text19                             3854     3854        8     1C2A       0
                text18                             319C     319C      11E     128B       0
                text17                             376A     376A       5E     128B       0
                text16                             29BE     29BE      12A     128B       0
                text15                             307E     307E      11E     128B       0
                text14                             2894     2894      12A     128B       0
                text13                             34E2     34E2      112     128B       0
                text12                             2F60     2F60      11E     128B       0
                text11                             2E42     2E42      11E     128B       0
                text10                             2D24     2D24      11E     128B       0
                text9                              276A     276A      12A     128B       0
                text8                              2C06     2C06      11E     128B       0
                text7                              2640     2640      12A     128B       0
                text6                              2AE8     2AE8      11E     128B       0
                text5                              2516     2516      12A     128B       0
                text4                              35F4     35F4       F4     128B       0
                text3                              36E8     36E8       82     128B       0
                text2                              33D0     33D0      112     128B       0
                text1                              32BA     32BA      116     128B       0
                text0                              37C8     37C8       56     128B       0
                cstackCOMRAM                        501      501       20      501       1
                dataCOMRAM                          521      521        F      501       1
                cinit                              381E     381E       26     128B       0
                idataCOMRAM                        3844     3844        F     128B       0

TOTAL           Name                               Link     Load   Length     Space
        CLASS   CODE           
                init                              1FFFC    1FFFC        4         0
                reset_vec                             0        0        4         0
                text19                             3854     3854        8         0
                text18                             319C     319C      11E         0
                text17                             376A     376A       5E         0
                text16                             29BE     29BE      12A         0
                text15                             307E     307E      11E         0
                text14                             2894     2894      12A         0
                text13                             34E2     34E2      112         0
                text12                             2F60     2F60      11E         0
                text11                             2E42     2E42      11E         0
                text10                             2D24     2D24      11E         0
                text9                              276A     276A      12A         0
                text8                              2C06     2C06      11E         0
                text7                              2640     2640      12A         0
                text6                              2AE8     2AE8      11E         0
                text5                              2516     2516      12A         0
                text4                              35F4     35F4       F4         0
                text3                              36E8     36E8       82         0
                text2                              33D0     33D0      112         0
                text1                              32BA     32BA      116         0
                text0                              37C8     37C8       56         0
                cinit                              381E     381E       26         0
                idataCOMRAM                        3844     3844        F         0

        CLASS   CONST          

        CLASS   SMALLCONST     
                smallconst                         2500     2500       16         0

        CLASS   MEDIUMCONST    

        CLASS   COMRAM         
                cstackCOMRAM                        501      501       20         1
                dataCOMRAM                          521      521        F         1

        CLASS   ABS1           

        CLASS   BIGRAM         

        CLASS   RAM            

        CLASS   BANK5          

        CLASS   BANK6          

        CLASS   BANK7          

        CLASS   BANK8          

        CLASS   BANK9          

        CLASS   BANK10         

        CLASS   BANK11         

        CLASS   BANK12         

        CLASS   BANK13         

        CLASS   BANK14         

        CLASS   BANK15         

        CLASS   BANK16         

        CLASS   BANK17         

        CLASS   BANK18         

        CLASS   BANK19         

        CLASS   BANK20         

        CLASS   BANK21         

        CLASS   BANK22         

        CLASS   BANK23         

        CLASS   BANK24         

        CLASS   BANK25         

        CLASS   BANK26         

        CLASS   BANK27         

        CLASS   BANK28         

        CLASS   BANK29         

        CLASS   BANK30         

        CLASS   BANK31         

        CLASS   BANK32         

        CLASS   BANK33         

        CLASS   BANK34         

        CLASS   BANK35         

        CLASS   BANK36         

        CLASS   SFR            

        CLASS   BIGSFR         

        CLASS   CONFIG         
                config                           300000   300000        A         4

        CLASS   IDLOC          

        CLASS   EEDATA         

        CLASS   FARRAM         

        CLASS   HEAP           

        CLASS   STACK          



SEGMENTS        Name                           Load    Length   Top    Selector   Space  Class

                reset_vec                      000000  000004  000004         0       0  CODE    
                cstackCOMRAM                   000501  00002F  000530       501       1  COMRAM  
                smallconst                     002500  000016  002516      1280       0  SMALLCON
                text5                          002516  00133D  003853      128B       0  CODE    
                text19                         003854  000008  00385C      1C2A       0  CODE    
                init                           01FFFC  000004  020000      FFFE       0  CODE    


UNUSED ADDRESS RANGES

        Name                Unused          Largest block    Delta
        BANK10           000A00-000AFF              100
        BANK11           000B00-000BFF              100
        BANK12           000C00-000CFF              100
        BANK13           000D00-000DFF              100
        BANK14           000E00-000EFF              100
        BANK15           000F00-000FFF              100
        BANK16           001000-0010FF              100
        BANK17           001100-0011FF              100
        BANK18           001200-0012FF              100
        BANK19           001300-0013FF              100
        BANK20           001400-0014FF              100
        BANK21           001500-0015FF              100
        BANK22           001600-0016FF              100
        BANK23           001700-0017FF              100
        BANK24           001800-0018FF              100
        BANK25           001900-0019FF              100
        BANK26           001A00-001AFF              100
        BANK27           001B00-001BFF              100
        BANK28           001C00-001CFF              100
        BANK29           001D00-001DFF              100
        BANK30           001E00-001EFF              100
        BANK31           001F00-001FFF              100
        BANK32           002000-0020FF              100
        BANK33           002100-0021FF              100
        BANK34           002200-0022FF              100
        BANK35           002300-0023FF              100
        BANK36           002400-0024FF              100
        BANK5            000560-0005FF               A0
        BANK6            000600-0006FF              100
        BANK7            000700-0007FF              100
        BANK8            000800-0008FF              100
        BANK9            000900-0009FF              100
        BIGRAM           000530-0024FF             1FD0
        BIGSFR           000000-0004FF              500
                         002500-0025FF              100
        CODE             000004-0024FF             24FC
                         003853-003853                1
                         00385C-01FFFB            1C7A0
        COMRAM           000530-00055F               30
        CONFIG           30000A-300011                8
        CONST            000004-0024FF             24FC
                         003853-003853                1
                         00385C-01FFFB            1C7A0
        EEDATA           380000-3803FF              400
        IDLOC            200000-20003F               40
        MEDIUMCONST      003853-003853                1
                         00385C-00FFFF             C7A4
                         012500-01FFFB             DAFC
        RAM              000560-0024FF              100
        SFR              000000-0004FF              100
                         002500-0025FF              100
        SMALLCONST       003853-003853                1
                         00385C-01FFFB              100

                                  Symbol Table

Display7Seg_Init@d7s            cstackCOMRAM 00050E
Display7Seg_Init@i              cstackCOMRAM 000516
Reset_Display7Seg@d7s           cstackCOMRAM 000505
Reset_Display7Seg@i             cstackCOMRAM 00050D
Write_Display7seg@d7s           cstackCOMRAM 00050E
Write_Display7seg@data          cstackCOMRAM 000517
Write_Display7seg@i             cstackCOMRAM 000518
Write_Display7seg@val           cstackCOMRAM 000510
_ANSELA                         (abs)        000400
_ANSELB                         (abs)        000408
_ANSELC                         (abs)        000410
_ANSELD                         (abs)        000418
_ANSELE                         (abs)        000420
_ANSELF                         (abs)        000428
_Clock_Init                     text19       003854
_Display7Seg_Init               text3        0036E8
_INLVLA                         (abs)        000404
_INLVLB                         (abs)        00040C
_INLVLC                         (abs)        000414
_INLVLD                         (abs)        00041C
_INLVLE                         (abs)        000424
_INLVLF                         (abs)        00042C
_LATA                           (abs)        0004BE
_LATB                           (abs)        0004BF
_LATC                           (abs)        0004C0
_LATD                           (abs)        0004C1
_LATE                           (abs)        0004C2
_LATF                           (abs)        0004C3
_ODCONA                         (abs)        000402
_ODCONB                         (abs)        00040A
_ODCONC                         (abs)        000412
_ODCOND                         (abs)        00041A
_ODCONE                         (abs)        000422
_ODCONF                         (abs)        00042A
_OSCCON1                        (abs)        0000AD
_PORTA                          (abs)        0004CE
_PORTB                          (abs)        0004CF
_PORTC                          (abs)        0004D0
_PORTD                          (abs)        0004D1
_PORTE                          (abs)        0004D2
_PORTF                          (abs)        0004D3
_Reset_Display7Seg              text17       00376A
_SLRCONA                        (abs)        000403
_SLRCONB                        (abs)        00040B
_SLRCONC                        (abs)        000413
_SLRCOND                        (abs)        00041B
_SLRCONE                        (abs)        000423
_SLRCONF                        (abs)        00042B
_TRISA                          (abs)        0004C6
_TRISB                          (abs)        0004C7
_TRISC                          (abs)        0004C8
_TRISD                          (abs)        0004C9
_TRISE                          (abs)        0004CA
_TRISF                          (abs)        0004CB
_WPUA                           (abs)        000401
_WPUB                           (abs)        000409
_WPUC                           (abs)        000411
_WPUD                           (abs)        000419
_WPUE                           (abs)        000421
_WPUF                           (abs)        000429
_Write_Display7seg              text1        0032BA
__HRAM                          (abs)        000000
__H__absolute__                 __absolute__ 000000
__Habs1                         abs1         000000
__Hbank10                       bank10       000000
__Hbank11                       bank11       000000
__Hbank12                       bank12       000000
__Hbank13                       bank13       000000
__Hbank14                       bank14       000000
__Hbank15                       bank15       000000
__Hbank16                       bank16       000000
__Hbank17                       bank17       000000
__Hbank18                       bank18       000000
__Hbank19                       bank19       000000
__Hbank20                       bank20       000000
__Hbank21                       bank21       000000
__Hbank22                       bank22       000000
__Hbank23                       bank23       000000
__Hbank24                       bank24       000000
__Hbank25                       bank25       000000
__Hbank26                       bank26       000000
__Hbank27                       bank27       000000
__Hbank28                       bank28       000000
__Hbank29                       bank29       000000
__Hbank30                       bank30       000000
__Hbank31                       bank31       000000
__Hbank32                       bank32       000000
__Hbank33                       bank33       000000
__Hbank34                       bank34       000000
__Hbank35                       bank35       000000
__Hbank36                       bank36       000000
__Hbank5                        bank5        000000
__Hbank6                        bank6        000000
__Hbank7                        bank7        000000
__Hbank8                        bank8        000000
__Hbank9                        bank9        000000
__Hbigbss                       bigbss       000000
__Hbigdata                      bigdata      000000
__Hbigram                       bigram       000000
__Hbigsfr                       bigsfr       000000
__Hbss                          bss          000000
__Hcinit                        cinit        000000
__Hclrtext                      clrtext      000000
__Hcomram                       comram       000000
__Hconfig                       config       30000A
__Hconst                        const        000000
__HcstackCOMRAM                 cstackCOMRAM 000000
__Hdata                         data         000000
__HdataCOMRAM                   dataCOMRAM   000000
__Heeprom_data                  eeprom_data  000000
__Hfarbss                       farbss       000000
__Hfardata                      fardata      000000
__Hheap                         heap         000000
__Hibigdata                     ibigdata     000000
__Hidata                        idata        000000
__HidataCOMRAM                  idataCOMRAM  000000
__Hidloc                        idloc        000000
__Hifardata                     ifardata     000000
__Hinit                         init         020000
__Hintsave_regs                 intsave_regs 000000
__Hirdata                       irdata       000000
__Hmediumconst                  mediumconst  000000
__HnvFARRAM                     nvFARRAM     000000
__Hnvbit                        nvbit        000000
__Hnvrram                       nvrram       000000
__Hparam                        rparam       000000
__Hpowerup                      powerup      000000
__Hram                          ram          000000
__Hramtop                       ramtop       002500
__Hrbit                         rbit         000000
__Hrbss                         rbss         000000
__Hrdata                        rdata        000000
__Hreset_vec                    reset_vec    000004
__Hrparam                       rparam       000000
__Hsfr                          sfr          000000
__Hsmallconst                   smallconst   002516
__Hspace_0                      (abs)        020000
__Hspace_1                      (abs)        000530
__Hspace_2                      (abs)        000000
__Hspace_4                      (abs)        60000A
__Hstack                        stack        000000
__Hstruct                       struct       000000
__Htemp                         temp         000000
__Htext                         text         000000
__Htext0                        text0        000000
__Htext1                        text1        000000
__Htext10                       text10       000000
__Htext11                       text11       000000
__Htext12                       text12       000000
__Htext13                       text13       000000
__Htext14                       text14       000000
__Htext15                       text15       000000
__Htext16                       text16       000000
__Htext17                       text17       000000
__Htext18                       text18       000000
__Htext19                       text19       000000
__Htext2                        text2        000000
__Htext3                        text3        000000
__Htext4                        text4        000000
__Htext5                        text5        000000
__Htext6                        text6        000000
__Htext7                        text7        000000
__Htext8                        text8        000000
__Htext9                        text9        000000
__LRAM                          (abs)        000001
__L__absolute__                 __absolute__ 000000
__Labs1                         abs1         000000
__Lbank10                       bank10       000000
__Lbank11                       bank11       000000
__Lbank12                       bank12       000000
__Lbank13                       bank13       000000
__Lbank14                       bank14       000000
__Lbank15                       bank15       000000
__Lbank16                       bank16       000000
__Lbank17                       bank17       000000
__Lbank18                       bank18       000000
__Lbank19                       bank19       000000
__Lbank20                       bank20       000000
__Lbank21                       bank21       000000
__Lbank22                       bank22       000000
__Lbank23                       bank23       000000
__Lbank24                       bank24       000000
__Lbank25                       bank25       000000
__Lbank26                       bank26       000000
__Lbank27                       bank27       000000
__Lbank28                       bank28       000000
__Lbank29                       bank29       000000
__Lbank30                       bank30       000000
__Lbank31                       bank31       000000
__Lbank32                       bank32       000000
__Lbank33                       bank33       000000
__Lbank34                       bank34       000000
__Lbank35                       bank35       000000
__Lbank36                       bank36       000000
__Lbank5                        bank5        000000
__Lbank6                        bank6        000000
__Lbank7                        bank7        000000
__Lbank8                        bank8        000000
__Lbank9                        bank9        000000
__Lbigbss                       bigbss       000000
__Lbigdata                      bigdata      000000
__Lbigram                       bigram       000000
__Lbigsfr                       bigsfr       000000
__Lbss                          bss          000000
__Lcinit                        cinit        000000
__Lclrtext                      clrtext      000000
__Lcomram                       comram       000000
__Lconfig                       config       000000
__Lconst                        const        000000
__LcstackCOMRAM                 cstackCOMRAM 000000
__Ldata                         data         000000
__LdataCOMRAM                   dataCOMRAM   000000
__Leeprom_data                  eeprom_data  000000
__Lfarbss                       farbss       000000
__Lfardata                      fardata      000000
__Lheap                         heap         000000
__Libigdata                     ibigdata     000000
__Lidata                        idata        000000
__LidataCOMRAM                  idataCOMRAM  000000
__Lidloc                        idloc        000000
__Lifardata                     ifardata     000000
__Linit                         init         01FFFC
__Lintsave_regs                 intsave_regs 000000
__Lirdata                       irdata       000000
__Lmediumconst                  mediumconst  000000
__LnvFARRAM                     nvFARRAM     000000
__Lnvbit                        nvbit        000000
__Lnvrram                       nvrram       000000
__Lparam                        rparam       000000
__Lpowerup                      powerup      000000
__Lram                          ram          000000
__Lramtop                       ramtop       002500
__Lrbit                         rbit         000000
__Lrbss                         rbss         000000
__Lrdata                        rdata        000000
__Lreset_vec                    reset_vec    000000
__Lrparam                       rparam       000000
__Lsfr                          sfr          000000
__Lsmallconst                   smallconst   002500
__Lspace_0                      (abs)        000000
__Lspace_1                      (abs)        000000
__Lspace_2                      (abs)        000000
__Lspace_4                      (abs)        000000
__Lstack                        stack        000000
__Lstruct                       struct       000000
__Ltemp                         temp         000000
__Ltext                         text         000000
__Ltext0                        text0        000000
__Ltext1                        text1        000000
__Ltext10                       text10       000000
__Ltext11                       text11       000000
__Ltext12                       text12       000000
__Ltext13                       text13       000000
__Ltext14                       text14       000000
__Ltext15                       text15       000000
__Ltext16                       text16       000000
__Ltext17                       text17       000000
__Ltext18                       text18       000000
__Ltext19                       text19       000000
__Ltext2                        text2        000000
__Ltext3                        text3        000000
__Ltext4                        text4        000000
__Ltext5                        text5        000000
__Ltext6                        text6        000000
__Ltext7                        text7        000000
__Ltext8                        text8        000000
__Ltext9                        text9        000000
__S0                            (abs)        020000
__S1                            (abs)        000530
__S4                            (abs)        000000
__S5                            (abs)        000000
___heap_hi                      (abs)        000000
___heap_lo                      (abs)        000000
___inthi_sp                     stack        000000
___inthi_stack_hi               stack        000000
___inthi_stack_lo               stack        000000
___intlo_sp                     stack        000000
___intlo_stack_hi               stack        000000
___intlo_stack_lo               stack        000000
___param_bank                   (abs)        000000
___rparam_used                  (abs)        000001
___sp                           stack        000000
___stack_hi                     stack        000000
___stack_lo                     stack        000000
__accesstop                     (abs)        000560
__activetblptr                  (abs)        000003
__end_of_Clock_Init             text19       00385C
__end_of_Display7Seg_Init       text3        00376A
__end_of_Reset_Display7Seg      text17       0037C8
__end_of_Write_Display7seg      text1        0033D0
__end_of__initialization        cinit        00383E
__end_of_configure_pin          text4        0036E8
__end_of_display7Seg_a          smallconst   00250B
__end_of_display7Seg_c          smallconst   002515
__end_of_main                   text0        00381E
__end_of_reset_pin_pullup       text16       002AE8
__end_of_set_pin_analog_mode    text15       00319C
__end_of_set_pin_digital_mode   text14       0029BE
__end_of_set_pin_high           text2        0034E2
__end_of_set_pin_input          text13       0035F4
__end_of_set_pin_low            text18       0032BA
__end_of_set_pin_open_drain     text12       00307E
__end_of_set_pin_output         text11       002F60
__end_of_set_pin_pullup         text10       002E42
__end_of_set_pin_push_pull      text9        002894
__end_of_set_pin_sr_limited     text8        002D24
__end_of_set_pin_sr_maximum     text7        00276A
__end_of_set_pin_st             text6        002C06
__end_of_set_pin_ttl            text5        002640
__initialization                cinit        00381E
__mediumconst                   mediumconst  000000
__pcinit                        cinit        00381E
__pcstackCOMRAM                 cstackCOMRAM 000501
__pdataCOMRAM                   dataCOMRAM   000521
__pidataCOMRAM                  idataCOMRAM  003844
__psmallconst                   smallconst   002500
__ptext0                        text0        0037C8
__ptext1                        text1        0032BA
__ptext10                       text10       002D24
__ptext11                       text11       002E42
__ptext12                       text12       002F60
__ptext13                       text13       0034E2
__ptext14                       text14       002894
__ptext15                       text15       00307E
__ptext16                       text16       0029BE
__ptext17                       text17       00376A
__ptext18                       text18       00319C
__ptext19                       text19       003854
__ptext2                        text2        0033D0
__ptext3                        text3        0036E8
__ptext4                        text4        0035F4
__ptext5                        text5        002516
__ptext6                        text6        002AE8
__ptext7                        text7        002640
__ptext8                        text8        002C06
__ptext9                        text9        00276A
__ramtop                        ramtop       002500
__smallconst                    smallconst   002500
_configure_pin                  text4        0035F4
_display2                       dataCOMRAM   000521
_display7Seg_a                  smallconst   002501
_display7Seg_c                  smallconst   00250B
_main                           text0        0037C8
_reset_pin_pullup               text16       0029BE
_set_pin_analog_mode            text15       00307E
_set_pin_digital_mode           text14       002894
_set_pin_high                   text2        0033D0
_set_pin_input                  text13       0034E2
_set_pin_low                    text18       00319C
_set_pin_open_drain             text12       002F60
_set_pin_output                 text11       002E42
_set_pin_pullup                 text10       002D24
_set_pin_push_pull              text9        00276A
_set_pin_sr_limited             text8        002C06
_set_pin_sr_maximum             text7        002640
_set_pin_st                     text6        002AE8
_set_pin_ttl                    text5        002516
configure_pin@enable_pullup     cstackCOMRAM 000508
configure_pin@is_digital        cstackCOMRAM 000507
configure_pin@is_input          cstackCOMRAM 000506
configure_pin@pin_number        cstackCOMRAM 000505
configure_pin@port_name         cstackCOMRAM 00050C
configure_pin@slew_rate_limited cstackCOMRAM 00050A
configure_pin@use_push_pull     cstackCOMRAM 00050B
configure_pin@use_ttl           cstackCOMRAM 000509
end_of_initialization           cinit        00383E
intlevel0                       text         000000
intlevel1                       text         000000
intlevel2                       text         000000
intlevel3                       text         000000
isa$std                         (abs)        000001
isa$xinst                       (abs)        000000
main@i                          cstackCOMRAM 000520
reset_pin_pullup@pin_number     cstackCOMRAM 000501
reset_pin_pullup@port_name      cstackCOMRAM 000504
set_pin_analog_mode@pin_number  cstackCOMRAM 000501
set_pin_analog_mode@port_name   cstackCOMRAM 000504
set_pin_digital_mode@pin_number cstackCOMRAM 000501
set_pin_digital_mode@port_name  cstackCOMRAM 000504
set_pin_high@pin_number         cstackCOMRAM 000501
set_pin_high@port_name          cstackCOMRAM 000504
set_pin_input@pin_number        cstackCOMRAM 000501
set_pin_input@port_name         cstackCOMRAM 000504
set_pin_low@pin_number          cstackCOMRAM 000501
set_pin_low@port_name           cstackCOMRAM 000504
set_pin_open_drain@pin_number   cstackCOMRAM 000501
set_pin_open_drain@port_name    cstackCOMRAM 000504
set_pin_output@pin_number       cstackCOMRAM 000501
set_pin_output@port_name        cstackCOMRAM 000504
set_pin_pullup@pin_number       cstackCOMRAM 000501
set_pin_pullup@port_name        cstackCOMRAM 000504
set_pin_push_pull@pin_number    cstackCOMRAM 000501
set_pin_push_pull@port_name     cstackCOMRAM 000504
set_pin_sr_limited@pin_number   cstackCOMRAM 000501
set_pin_sr_limited@port_name    cstackCOMRAM 000504
set_pin_sr_maximum@pin_number   cstackCOMRAM 000501
set_pin_sr_maximum@port_name    cstackCOMRAM 000504
set_pin_st@pin_number           cstackCOMRAM 000501
set_pin_st@port_name            cstackCOMRAM 000504
set_pin_ttl@pin_number          cstackCOMRAM 000501
set_pin_ttl@port_name           cstackCOMRAM 000504
stackhi                         (abs)        000000
stacklo                         (abs)        000000
start                           init         01FFFC
start_initialization            cinit        00381E


MODULE INFORMATION

Module		Function		Class		Link	Load	Size
config.c
		_Clock_Init    		CODE           	3854	0000	8

config.c estimated size: 8

display7.c
		_Reset_Display7Seg		CODE           	376A	0000	94
		_Write_Display7seg		CODE           	32BA	0000	278
		_Display7Seg_Init		CODE           	36E8	0000	130

display7.c estimated size: 502

shared
		_display7Seg_a 		SMALLCONST     	2501	0000	10
		_display7Seg_c 		SMALLCONST     	250B	0000	10
		__initialization		CODE           	381E	0000	32

shared estimated size: 52

gpio.c
		_set_pin_push_pull		CODE           	276A	0000	298
		_set_pin_sr_limited		CODE           	2C06	0000	286
		_configure_pin 		CODE           	35F4	0000	244
		_set_pin_open_drain		CODE           	2F60	0000	286
		_set_pin_digital_mode		CODE           	2894	0000	298
		_set_pin_sr_maximum		CODE           	2640	0000	298
		_set_pin_analog_mode		CODE           	307E	0000	286
		_set_pin_st    		CODE           	2AE8	0000	286
		_set_pin_ttl   		CODE           	2516	0000	298
		_set_pin_low   		CODE           	319C	0000	286
		_set_pin_high  		CODE           	33D0	0000	274
		_set_pin_input 		CODE           	34E2	0000	274
		_reset_pin_pullup		CODE           	29BE	0000	298
		_set_pin_pullup		CODE           	2D24	0000	286
		_set_pin_output		CODE           	2E42	0000	286

gpio.c estimated size: 4284

main.c
		_main          		CODE           	37C8	0000	86

main.c estimated size: 86

